182.138.127.198 - - [17/Jun/2016:19:46:36 +0800] "POST /api/authenticate HTTP/1.1" 200 16 "-" "MyBookRecycle/1.0 (iPhone; iOS 9.2; Scale/2.00)"
182.138.127.198 - - [17/Jun/2016:19:54:59 +0800] "POST /api/authenticate HTTP/1.1" 200 69 "-" "MyBookRecycle/1.0 (iPhone; iOS 9.2; Scale/2.00)"
182.138.127.198 - - [17/Jun/2016:19:55:09 +0800] "POST /api/authenticate HTTP/1.1" 200 69 "-" "MyBookRecycle/1.0 (iPhone; iOS 9.2; Scale/2.00)"
114.43.4.1 - - [17/Jun/2016:19:57:12 +0800] "CONNECT smtp.mail.yahoo.com:25 HTTP/1.0" 400 181 "-" "-"
182.138.127.198 - - [17/Jun/2016:19:58:32 +0800] "POST /api/authenticate HTTP/1.1" 200 16 "-" "MyBookRecycle/1.0 (iPhone; iOS 9.2; Scale/2.00)"
182.138.127.198 - - [17/Jun/2016:19:58:32 +0800] "POST /api/authenticate HTTP/1.1" 200 16 "-" "MyBookRecycle/1.0 (iPhone; iOS 9.2; Scale/2.00)"
114.43.4.1 - - [17/Jun/2016:20:01:35 +0800] "CONNECT smtp.mail.yahoo.com:25 HTTP/1.0" 400 181 "-" "-"
198.74.98.247 - - [17/Jun/2016:20:09:42 +0800] "CONNECT s.yimg.com:443 HTTP/1.1" 400 181 "-" "-"
198.74.98.247 - - [17/Jun/2016:20:09:42 +0800] "CONNECT s.yimg.com:443 HTTP/1.1" 400 181 "-" "-"
198.74.98.247 - - [17/Jun/2016:20:09:43 +0800] "CONNECT l.yimg.com:80 HTTP/1.1" 400 181 "-" "-"
213.246.45.128 - - [17/Jun/2016:20:20:13 +0800] "GET http://www.baidu.com/cache/global/img/gs.gif HTTP/1.1" 404 14 "-" "Mozilla"
114.43.4.1 - - [17/Jun/2016:20:38:16 +0800] "CONNECT smtp.mail.yahoo.com:25 HTTP/1.0" 400 181 "-" "-"
114.43.4.1 - - [17/Jun/2016:20:44:23 +0800] "CONNECT smtp.mail.yahoo.com:25 HTTP/1.0" 400 181 "-" "-"
182.138.127.198 - - [17/Jun/2016:20:52:48 +0800] "POST /api/authenticate HTTP/1.1" 200 16 "-" "MyBookRecycle/1.0 (iPhone; iOS 9.2; Scale/2.00)"
182.138.127.198 - - [17/Jun/2016:20:53:14 +0800] "POST /api/authenticate HTTP/1.1" 200 16 "-" "MyBookRecycle/1.0 (iPhone; iOS 9.2; Scale/2.00)"
182.138.127.198 - - [17/Jun/2016:20:53:39 +0800] "POST /api/authenticate HTTP/1.1" 200 16 "-" "MyBookRecycle/1.0 (iPhone; iOS 9.2; Scale/2.00)"
182.138.127.198 - - [17/Jun/2016:20:54:02 +0800] "POST /api/authenticate HTTP/1.1" 200 16 "-" "MyBookRecycle/1.0 (iPhone; iOS 9.2; Scale/2.00)"
114.43.4.1 - - [17/Jun/2016:21:00:45 +0800] "CONNECT smtp.mail.yahoo.com:25 HTTP/1.0" 400 181 "-" "-"
182.138.127.198 - - [17/Jun/2016:21:04:11 +0800] "POST /api/authenticate HTTP/1.1" 200 16 "-" "MyBookRecycle/1.0 (iPhone; iOS 9.2; Scale/2.00)"
198.52.119.97 - - [17/Jun/2016:21:17:39 +0800] "CONNECT s.yimg.com:443 HTTP/1.1" 400 181 "-" "-"
198.52.119.97 - - [17/Jun/2016:21:17:40 +0800] "CONNECT s.yimg.com:443 HTTP/1.1" 400 181 "-" "-"
198.52.119.97 - - [17/Jun/2016:21:17:40 +0800] "CONNECT l.yimg.com:80 HTTP/1.1" 400 181 "-" "-"
182.138.127.198 - - [17/Jun/2016:21:22:38 +0800] "POST /api/authenticate HTTP/1.1" 200 16 "-" "MyBookRecycle/1.0 (iPhone; iOS 9.2; Scale/2.00)"
182.138.127.198 - - [17/Jun/2016:21:23:31 +0800] "POST /api/authenticate HTTP/1.1" 200 16 "-" "MyBookRecycle/1.0 (iPhone; iOS 9.2; Scale/2.00)"
5.178.86.76 - - [17/Jun/2016:21:28:06 +0800] "CONNECT check.best-proxies.ru:80 HTTP/1.1" 400 181 "-" "-"
182.138.127.198 - - [17/Jun/2016:21:31:29 +0800] "POST /api/authenticate HTTP/1.1" 200 16 "-" "MyBookRecycle/1.0 (iPhone; iOS 9.2; Scale/2.00)"
182.138.127.198 - - [17/Jun/2016:21:33:48 +0800] "POST /api/authenticate HTTP/1.1" 200 16 "-" "MyBookRecycle/1.0 (iPhone; iOS 9.2; Scale/2.00)"
80.82.78.38 - - [17/Jun/2016:21:36:52 +0800] "GET http://www.baidu.com/cache/global/img/gs.gif HTTP/1.1" 404 14 "-" "Mozilla"
182.138.127.198 - - [17/Jun/2016:21:44:25 +0800] "POST /api/authenticate HTTP/1.1" 200 16 "-" "MyBookRecycle/1.0 (iPhone; iOS 9.2; Scale/2.00)"
182.138.127.198 - - [17/Jun/2016:21:53:06 +0800] "POST /api/authenticate HTTP/1.1" 200 16 "-" "MyBookRecycle/1.0 (iPhone; iOS 9.2; Scale/2.00)"
182.138.127.198 - - [17/Jun/2016:22:01:34 +0800] "POST /api/authenticate HTTP/1.1" 200 16 "-" "MyBookRecycle/1.0 (iPhone; iOS 9.2; Scale/2.00)"
198.52.119.97 - - [17/Jun/2016:22:16:26 +0800] "CONNECT s.yimg.com:443 HTTP/1.1" 400 181 "-" "-"
198.52.119.97 - - [17/Jun/2016:22:16:27 +0800] "CONNECT s.yimg.com:443 HTTP/1.1" 400 181 "-" "-"
198.52.119.97 - - [17/Jun/2016:22:16:27 +0800] "CONNECT l.yimg.com:80 HTTP/1.1" 400 181 "-" "-"
101.204.188.231 - - [17/Jun/2016:22:27:22 +0800] "POST /api/authenticate HTTP/1.1" 200 16 "-" "MyBookRecycle/1.0 (iPhone; iOS 9.2; Scale/2.00)"
23.251.51.125 - - [17/Jun/2016:22:27:38 +0800] "GET http://domkrim.com/av.php HTTP/1.0" 404 14 "-" "Mozilla/5.0 (compatible; MSIE 6.0; Windows NT 5.1; Trident/5.0)"
23.251.51.125 - - [17/Jun/2016:22:27:39 +0800] "CONNECT www.baidu.com:443 HTTP/1.0" 400 181 "-" "-"
101.204.188.231 - - [17/Jun/2016:22:34:54 +0800] "POST /api/authenticate HTTP/1.1" 200 16 "-" "MyBookRecycle/1.0 (iPhone; iOS 9.2; Scale/2.00)"
101.204.188.231 - - [17/Jun/2016:22:37:02 +0800] "POST /api/authenticate HTTP/1.1" 200 16 "-" "MyBookRecycle/1.0 (iPhone; iOS 9.2; Scale/2.00)"
101.204.188.231 - - [17/Jun/2016:22:42:07 +0800] "POST /api/authenticate HTTP/1.1" 200 16 "-" "MyBookRecycle/1.0 (iPhone; iOS 9.2; Scale/2.00)"
101.204.188.231 - - [17/Jun/2016:22:47:00 +0800] "POST /api/authenticate HTTP/1.1" 200 16 "-" "MyBookRecycle/1.0 (iPhone; iOS 9.2; Scale/2.00)"
101.204.188.231 - - [17/Jun/2016:22:51:46 +0800] "POST /api/authenticate HTTP/1.1" 200 16 "-" "MyBookRecycle/1.0 (iPhone; iOS 9.2; Scale/2.00)"
101.204.188.231 - - [17/Jun/2016:22:52:12 +0800] "POST /api/authenticate HTTP/1.1" 200 16 "-" "MyBookRecycle/1.0 (iPhone; iOS 9.2; Scale/2.00)"
101.204.188.231 - - [17/Jun/2016:22:52:43 +0800] "POST /api/authenticate HTTP/1.1" 200 16 "-" "MyBookRecycle/1.0 (iPhone; iOS 9.2; Scale/2.00)"
101.204.188.231 - - [17/Jun/2016:22:57:39 +0800] "POST /api/authenticate HTTP/1.1" 200 16 "-" "MyBookRecycle/1.0 (iPhone; iOS 9.2; Scale/2.00)"
101.204.188.231 - - [17/Jun/2016:22:58:16 +0800] "POST /api/authenticate HTTP/1.1" 200 16 "-" "MyBookRecycle/1.0 (iPhone; iOS 9.2; Scale/2.00)"
101.204.188.231 - - [17/Jun/2016:22:59:00 +0800] "POST /api/authenticate HTTP/1.1" 200 16 "-" "MyBookRecycle/1.0 (iPhone; iOS 9.2; Scale/2.00)"
198.74.98.247 - - [17/Jun/2016:23:15:39 +0800] "CONNECT s.yimg.com:443 HTTP/1.1" 400 181 "-" "-"
198.74.98.247 - - [17/Jun/2016:23:15:39 +0800] "CONNECT s.yimg.com:443 HTTP/1.1" 400 181 "-" "-"
198.74.98.247 - - [17/Jun/2016:23:15:40 +0800] "CONNECT l.yimg.com:80 HTTP/1.1" 400 181 "-" "-"
183.129.160.229 - - [17/Jun/2016:23:16:43 +0800] "GET / HTTP/1.1" 404 14 "-" "Mozilla/5.0 (Macintosh; Intel Mac OS X 10.11; rv:47.0) Gecko/20100101 Firefox/47.0"
23.251.51.125 - - [17/Jun/2016:23:20:03 +0800] "GET http://fr.cyberpods.net/ HTTP/1.0" 404 14 "-" "Mozilla/5.0 (compatible; MSIE 6.0; Windows NT 5.1; Trident/5.0)"
23.251.51.125 - - [17/Jun/2016:23:20:05 +0800] "CONNECT www.baidu.com:443 HTTP/1.0" 400 181 "-" "-"
183.129.160.229 - - [17/Jun/2016:23:28:33 +0800] "GET / HTTP/1.1" 404 14 "-" "Mozilla/5.0 (Macintosh; Intel Mac OS X 10.11; rv:47.0) Gecko/20100101 Firefox/47.0"
107.182.24.28 - - [17/Jun/2016:23:45:02 +0800] "GET //phpmyadmin/scripts/setup.php HTTP/1.1" 404 14 "-" "-"
107.182.24.28 - - [17/Jun/2016:23:45:06 +0800] "GET //MyAdmin/scripts/setup.php HTTP/1.1" 404 14 "-" "-"
123.151.43.65 - - [18/Jun/2016:00:04:29 +0800] "\x16\x03\x01\x00\xAE\x01\x00\x00\xAA\x03\x01Wd\x1E\x8AO<<z\xCBTw~%\x22\xA1ia\x9B\xF4\x0B\x7F" 400 181 "-" "-"
123.151.43.65 - - [18/Jun/2016:00:04:29 +0800] "\x16\x03\x01\x00\xAE\x01\x00\x00\xAA\x03\x01Wd\x1E\x8A1\x90.\x92w\x0C_\x0F\x92\xAE\xE7\xB2\xDE'\xBALD\xFE\x9D\x8E\xBC\xFF\x17\x14\xA0\x9E:\xFD\x00\x00L\xC0\x14\xC0" 400 181 "-" "-"
23.251.51.125 - - [18/Jun/2016:00:14:46 +0800] "GET http://www.proxy-listen.de/azenv.php HTTP/1.0" 404 14 "-" "Mozilla/5.0 (compatible; MSIE 6.0; Windows NT 5.1; Trident/5.0)"
23.251.51.125 - - [18/Jun/2016:00:14:47 +0800] "CONNECT www.baidu.com:443 HTTP/1.0" 400 181 "-" "-"
113.108.0.27 - - [18/Jun/2016:00:28:43 +0800] "GET / HTTP/1.0" 404 14 "-" "-"
198.74.98.247 - - [18/Jun/2016:00:31:43 +0800] "CONNECT s.yimg.com:443 HTTP/1.1" 400 181 "-" "-"
198.74.98.247 - - [18/Jun/2016:00:31:43 +0800] "CONNECT s.yimg.com:443 HTTP/1.1" 400 181 "-" "-"
198.74.98.247 - - [18/Jun/2016:00:31:43 +0800] "CONNECT l.yimg.com:80 HTTP/1.1" 400 181 "-" "-"
23.251.51.125 - - [18/Jun/2016:01:07:37 +0800] "GET http://domkrim.com/av.php HTTP/1.0" 404 14 "-" "Mozilla/5.0 (compatible; MSIE 6.0; Windows NT 5.1; Trident/5.0)"
198.52.119.97 - - [18/Jun/2016:01:29:41 +0800] "CONNECT s.yimg.com:443 HTTP/1.1" 400 181 "-" "-"
198.52.119.97 - - [18/Jun/2016:01:29:41 +0800] "CONNECT s.yimg.com:443 HTTP/1.1" 400 181 "-" "-"
198.52.119.97 - - [18/Jun/2016:01:29:41 +0800] "CONNECT l.yimg.com:80 HTTP/1.1" 400 181 "-" "-"
80.82.78.38 - - [18/Jun/2016:01:36:34 +0800] "GET http://www.baidu.com/cache/global/img/gs.gif HTTP/1.1" 404 14 "-" "Mozilla"
23.251.63.45 - - [18/Jun/2016:01:49:06 +0800] "GET http://www.luisaranguren.com/azenv.php HTTP/1.0" 404 14 "-" "Mozilla/5.0 (compatible; MSIE 6.0; Windows NT 5.1; Trident/5.0)"
23.251.63.45 - - [18/Jun/2016:01:49:06 +0800] "CONNECT www.baidu.com:443 HTTP/1.0" 400 181 "-" "-"
198.52.119.97 - - [18/Jun/2016:02:27:15 +0800] "CONNECT s.yimg.com:443 HTTP/1.1" 400 181 "-" "-"
198.52.119.97 - - [18/Jun/2016:02:27:16 +0800] "CONNECT s.yimg.com:443 HTTP/1.1" 400 181 "-" "-"
198.52.119.97 - - [18/Jun/2016:02:27:16 +0800] "CONNECT l.yimg.com:80 HTTP/1.1" 400 181 "-" "-"
137.117.168.203 - - [18/Jun/2016:02:27:26 +0800] "GET / HTTP/1.0" 404 14 "-" "masscan/1.0 (https://github.com/robertdavidgraham/masscan)"
95.213.187.186 - - [18/Jun/2016:02:29:43 +0800] "CONNECT check.best-proxies.ru:80 HTTP/1.1" 400 181 "-" "-"
180.97.239.28 - - [18/Jun/2016:02:32:08 +0800] "GET /phpMyAdmin HTTP/1.1" 404 14 "http://115.159.219.141/phpMyAdmin" "Mozilla/4.0 (compatible; MSIE 9.0; Windows NT 6.1)"
172.82.166.210 - - [18/Jun/2016:02:51:37 +0800] "GET http://www.baidu.com/cache/global/img/gs.gif HTTP/1.1" 404 14 "-" "Mozilla"
107.151.193.91 - - [18/Jun/2016:03:36:50 +0800] "GET / HTTP/1.1" 404 14 "http://115.159.219.141:80/" "Mozilla/4.0 (compatible; MSIE 9.0; Windows NT 6.1)"
198.74.98.247 - - [18/Jun/2016:03:40:16 +0800] "CONNECT s.yimg.com:443 HTTP/1.1" 400 181 "-" "-"
198.74.98.247 - - [18/Jun/2016:03:40:17 +0800] "CONNECT s.yimg.com:443 HTTP/1.1" 400 181 "-" "-"
198.74.98.247 - - [18/Jun/2016:03:40:17 +0800] "CONNECT l.yimg.com:80 HTTP/1.1" 400 181 "-" "-"
175.155.112.11 - - [18/Jun/2016:03:42:02 +0800] "GET / HTTP/1.0" 404 14 "-" "-"
198.52.119.97 - - [18/Jun/2016:04:43:04 +0800] "CONNECT s.yimg.com:443 HTTP/1.1" 400 181 "-" "-"
198.52.119.97 - - [18/Jun/2016:04:43:04 +0800] "CONNECT s.yimg.com:443 HTTP/1.1" 400 181 "-" "-"
198.52.119.97 - - [18/Jun/2016:04:43:05 +0800] "CONNECT l.yimg.com:80 HTTP/1.1" 400 181 "-" "-"
119.167.227.55 - - [18/Jun/2016:05:00:29 +0800] "GET /manager/html HTTP/1.1" 404 14 "-" "Mozilla/3.0 (compatible; Indy Library)"
23.251.51.125 - - [18/Jun/2016:05:12:45 +0800] "GET http://www.sbjudge3.com/azenv.php HTTP/1.0" 404 14 "-" "Mozilla/5.0 (compatible; MSIE 6.0; Windows NT 5.1; Trident/5.0)"
23.251.51.125 - - [18/Jun/2016:05:12:46 +0800] "CONNECT www.baidu.com:443 HTTP/1.0" 400 181 "-" "-"
80.82.78.38 - - [18/Jun/2016:05:36:37 +0800] "GET http://www.baidu.com/cache/global/img/gs.gif HTTP/1.1" 404 14 "-" "Mozilla"
198.52.119.97 - - [18/Jun/2016:05:40:46 +0800] "CONNECT s.yimg.com:443 HTTP/1.1" 400 181 "-" "-"
198.52.119.97 - - [18/Jun/2016:05:40:46 +0800] "CONNECT s.yimg.com:443 HTTP/1.1" 400 181 "-" "-"
198.52.119.97 - - [18/Jun/2016:05:40:47 +0800] "CONNECT l.yimg.com:80 HTTP/1.1" 400 181 "-" "-"
198.74.98.247 - - [18/Jun/2016:06:47:24 +0800] "CONNECT s.yimg.com:443 HTTP/1.1" 400 181 "-" "-"
198.74.98.247 - - [18/Jun/2016:06:47:24 +0800] "CONNECT s.yimg.com:443 HTTP/1.1" 400 181 "-" "-"
198.74.98.247 - - [18/Jun/2016:06:47:24 +0800] "CONNECT l.yimg.com:80 HTTP/1.1" 400 181 "-" "-"
185.25.151.159 - - [18/Jun/2016:07:00:15 +0800] "GET http://testp1.piwo.pila.pl/testproxy.php HTTP/1.1" 404 14 "-" "Mozilla/5.0 (Windows NT 5.1; rv:32.0) Gecko/20100101 Firefox/31.0"
95.213.187.188 - - [18/Jun/2016:07:01:10 +0800] "CONNECT check.best-proxies.ru:80 HTTP/1.1" 400 181 "-" "-"
123.151.43.65 - - [18/Jun/2016:07:03:23 +0800] "\x16\x03\x01\x00\xAE\x01\x00\x00\xAA\x03\x01Wd\x80\xB7\xB2\xC4\xF0\x0F\xEA\x0C\x07w\x0E\x18\xDD\x87u>\xC9\x1A\x02z\x1A\xED\xBF\x1D\xB8\x14\xF9$\x08E\x00\x00L\xC0\x14\xC0" 400 181 "-" "-"
123.151.43.65 - - [18/Jun/2016:07:03:23 +0800] "\x16\x03\x01\x00\xAE\x01\x00\x00\xAA\x03\x01Wd\x80\xB8DK\xC7\x93\xA2\xC2\x12X\x90\x14\xAE'=\x88\xF5b{\xDDq>\xE2)Z\xC3\xCF\xE1\xA2\xAA\x00\x00L\xC0\x14\xC0" 400 181 "-" "-"
23.251.51.125 - - [18/Jun/2016:07:13:30 +0800] "GET http://domkrim.com/av.php HTTP/1.0" 404 14 "-" "Mozilla/5.0 (compatible; MSIE 6.0; Windows NT 5.1; Trident/5.0)"
23.251.51.125 - - [18/Jun/2016:07:13:31 +0800] "CONNECT www.baidu.com:443 HTTP/1.0" 400 181 "-" "-"
119.147.21.64 - - [18/Jun/2016:07:17:04 +0800] "GET / HTTP/1.1" 404 14 "-" "Python-urllib/2.7"
198.52.119.97 - - [18/Jun/2016:07:51:32 +0800] "CONNECT s.yimg.com:443 HTTP/1.1" 400 181 "-" "-"
198.52.119.97 - - [18/Jun/2016:07:51:32 +0800] "CONNECT s.yimg.com:443 HTTP/1.1" 400 181 "-" "-"
198.52.119.97 - - [18/Jun/2016:07:51:33 +0800] "CONNECT l.yimg.com:80 HTTP/1.1" 400 181 "-" "-"
198.52.119.97 - - [18/Jun/2016:08:47:20 +0800] "CONNECT s.yimg.com:443 HTTP/1.1" 400 181 "-" "-"
198.52.119.97 - - [18/Jun/2016:08:47:20 +0800] "CONNECT s.yimg.com:443 HTTP/1.1" 400 181 "-" "-"
198.52.119.97 - - [18/Jun/2016:08:47:21 +0800] "CONNECT l.yimg.com:80 HTTP/1.1" 400 181 "-" "-"
123.151.43.65 - - [18/Jun/2016:09:01:30 +0800] "GET / HTTP/1.1" 404 14 "-" "Scrapy/1.0.4 (+http://scrapy.org)"
121.42.210.61 - - [18/Jun/2016:09:06:09 +0800] "GET / HTTP/1.1" 404 14 "-" "-"
101.204.188.125 - - [18/Jun/2016:09:13:19 +0800] "POST /api/authenticate HTTP/1.1" 200 16 "-" "MyBookRecycle/1.0 (iPhone; iOS 9.2; Scale/2.00)"
172.82.166.210 - - [18/Jun/2016:09:22:01 +0800] "GET http://www.baidu.com/cache/global/img/gs.gif HTTP/1.1" 404 14 "-" "Mozilla"
80.82.78.38 - - [18/Jun/2016:09:41:35 +0800] "GET http://www.baidu.com/cache/global/img/gs.gif HTTP/1.1" 404 14 "-" "Mozilla"
198.74.98.247 - - [18/Jun/2016:09:58:14 +0800] "CONNECT s.yimg.com:443 HTTP/1.1" 400 181 "-" "-"
198.74.98.247 - - [18/Jun/2016:09:58:14 +0800] "CONNECT s.yimg.com:443 HTTP/1.1" 400 181 "-" "-"
198.74.98.247 - - [18/Jun/2016:09:58:14 +0800] "CONNECT l.yimg.com:80 HTTP/1.1" 400 181 "-" "-"
198.52.119.97 - - [18/Jun/2016:11:03:36 +0800] "CONNECT s.yimg.com:443 HTTP/1.1" 400 181 "-" "-"
198.52.119.97 - - [18/Jun/2016:11:03:37 +0800] "CONNECT s.yimg.com:443 HTTP/1.1" 400 181 "-" "-"
198.52.119.97 - - [18/Jun/2016:11:03:37 +0800] "CONNECT l.yimg.com:80 HTTP/1.1" 400 181 "-" "-"
80.82.70.24 - - [18/Jun/2016:11:40:40 +0800] "\x00" 400 181 "-" "-"
80.82.70.24 - - [18/Jun/2016:11:40:41 +0800] "GET http://httpheader.net HTTP/1.1" 404 14 "-" "Mozilla/5.0 (Windows; U; Windows NT 6.1; en-US; rv:1.9.2.28) Gecko/20120306 Firefox/3.6.28 (.NET CLR 3.5.30729)"
80.82.70.24 - - [18/Jun/2016:11:40:44 +0800] "\x04\x01\x00P\xC0c\xF660\x00" 400 181 "-" "-"
80.82.70.24 - - [18/Jun/2016:11:40:45 +0800] "\x05\x01\x00" 400 181 "-" "-"
80.82.70.24 - - [18/Jun/2016:11:40:46 +0800] "\x04\x01\x00P\xC0c\xF660\x00" 400 181 "-" "-"
185.49.14.190 - - [18/Jun/2016:11:45:56 +0800] "GET http://testp4.pospr.waw.pl/testproxy.php HTTP/1.1" 404 14 "-" "Mozilla/5.0 (Windows NT 5.1; rv:32.0) Gecko/20100101 Firefox/31.0"
5.178.86.78 - - [18/Jun/2016:11:48:17 +0800] "CONNECT check.best-proxies.ru:80 HTTP/1.1" 400 181 "-" "-"
198.52.119.97 - - [18/Jun/2016:12:00:35 +0800] "CONNECT s.yimg.com:443 HTTP/1.1" 400 181 "-" "-"
198.52.119.97 - - [18/Jun/2016:12:00:35 +0800] "CONNECT s.yimg.com:443 HTTP/1.1" 400 181 "-" "-"
198.52.119.97 - - [18/Jun/2016:12:00:36 +0800] "CONNECT l.yimg.com:80 HTTP/1.1" 400 181 "-" "-"
23.251.51.125 - - [18/Jun/2016:12:52:07 +0800] "GET http://www.sbjudge2.com/azenv.php HTTP/1.0" 404 14 "-" "Mozilla/5.0 (compatible; MSIE 6.0; Windows NT 5.1; Trident/5.0)"
198.74.98.247 - - [18/Jun/2016:13:02:57 +0800] "CONNECT s.yimg.com:443 HTTP/1.1" 400 181 "-" "-"
198.74.98.247 - - [18/Jun/2016:13:02:57 +0800] "CONNECT s.yimg.com:443 HTTP/1.1" 400 181 "-" "-"
198.74.98.247 - - [18/Jun/2016:13:02:58 +0800] "CONNECT l.yimg.com:80 HTTP/1.1" 400 181 "-" "-"
118.193.225.79 - - [18/Jun/2016:13:28:01 +0800] "GET / HTTP/1.1" 404 14 "-" "Mozilla/4.0 (compatible; MSIE 6.0; Windows NT 5.1; SV1)"
80.82.78.38 - - [18/Jun/2016:13:48:52 +0800] "GET http://www.baidu.com/cache/global/img/gs.gif HTTP/1.1" 404 14 "-" "Mozilla"
198.74.98.247 - - [18/Jun/2016:14:20:07 +0800] "CONNECT s.yimg.com:443 HTTP/1.1" 400 181 "-" "-"
198.74.98.247 - - [18/Jun/2016:14:20:08 +0800] "CONNECT s.yimg.com:443 HTTP/1.1" 400 181 "-" "-"
198.74.98.247 - - [18/Jun/2016:14:20:09 +0800] "CONNECT l.yimg.com:80 HTTP/1.1" 400 181 "-" "-"
118.75.160.117 - - [18/Jun/2016:14:45:56 +0800] "POST /login.action HTTP/1.1" 404 39 "-" "Mozilla/5.0"
222.134.82.2 - - [18/Jun/2016:14:57:51 +0800] "GET /phpmyadmin HTTP/1.1" 404 14 "http://115.159.219.141/phpmyadmin" "Mozilla/4.0 (compatible; MSIE 9.0; Windows NT 6.1)"
198.52.119.97 - - [18/Jun/2016:15:19:00 +0800] "CONNECT s.yimg.com:443 HTTP/1.1" 400 181 "-" "-"
198.52.119.97 - - [18/Jun/2016:15:19:01 +0800] "CONNECT s.yimg.com:443 HTTP/1.1" 400 181 "-" "-"
198.52.119.97 - - [18/Jun/2016:15:19:01 +0800] "CONNECT l.yimg.com:80 HTTP/1.1" 400 181 "-" "-"
23.251.51.125 - - [18/Jun/2016:15:45:36 +0800] "GET http://www.sbjudge2.com/azenv.php HTTP/1.0" 404 14 "-" "Mozilla/5.0 (compatible; MSIE 6.0; Windows NT 5.1; Trident/5.0)"
198.52.119.97 - - [18/Jun/2016:16:14:55 +0800] "CONNECT s.yimg.com:443 HTTP/1.1" 400 181 "-" "-"
198.52.119.97 - - [18/Jun/2016:16:14:55 +0800] "CONNECT s.yimg.com:443 HTTP/1.1" 400 181 "-" "-"
198.52.119.97 - - [18/Jun/2016:16:14:55 +0800] "CONNECT l.yimg.com:80 HTTP/1.1" 400 181 "-" "-"
61.155.155.125 - - [18/Jun/2016:16:24:39 +0800] "GET /manager/html HTTP/1.1" 404 14 "-" "Mozilla/5.0 (compatible; MSIE 10.0; Windows NT 6.2; WOW64; Trident/6.0)"
5.178.86.74 - - [18/Jun/2016:16:32:32 +0800] "POST http://check.best-proxies.ru/azenv.php?auth=146623875161&a=PSCN&i=1939856269&p=80 HTTP/1.1" 404 14 "http://best-proxies.ru/" "Mozilla/4.0 (compatible; MSIE 8.0; Windows NT 5.1; Trident/4.0)"
23.251.51.125 - - [18/Jun/2016:16:34:30 +0800] "GET http://www.sbjudge1.com/azenv.php HTTP/1.0" 404 14 "-" "Mozilla/5.0 (compatible; MSIE 6.0; Windows NT 5.1; Trident/5.0)"
23.251.51.125 - - [18/Jun/2016:16:34:31 +0800] "CONNECT www.alipay.com:443 HTTP/1.0" 400 181 "-" "-"
198.74.98.247 - - [18/Jun/2016:17:29:29 +0800] "CONNECT s.yimg.com:443 HTTP/1.1" 400 181 "-" "-"
198.74.98.247 - - [18/Jun/2016:17:29:29 +0800] "CONNECT s.yimg.com:443 HTTP/1.1" 400 181 "-" "-"
198.74.98.247 - - [18/Jun/2016:17:29:30 +0800] "CONNECT l.yimg.com:80 HTTP/1.1" 400 181 "-" "-"
180.153.160.15 - - [18/Jun/2016:17:41:13 +0800] "GET / HTTP/1.0" 404 14 "-" "-"
80.82.78.38 - - [18/Jun/2016:17:52:00 +0800] "GET http://www.baidu.com/cache/global/img/gs.gif HTTP/1.1" 404 14 "-" "Mozilla"
101.226.103.146 - - [18/Jun/2016:18:11:13 +0800] "\x16\x03\x00\x03\x0C\x01\x00\x03\x08\x03\x00SHs\xF0|\xCA\xC1\xD9\x02\x04\xF2\x1D-I\xF5\x12\xBF@\x1B\x94\xD9\x93\xE4\xC4\xF4\xF0\xD0B\xCDD\xA2Y\x00\x02\x96\x00\x00\x00\x01\x00\x02\x00\x03\x00\x04\x00\x05\x00\x06\x00\x07\x00\x08\x00\x09\x00" 400 181 "-" "-"
101.226.103.146 - - [18/Jun/2016:18:11:13 +0800] "\x16\x03\x01\x03\x0C\x01\x00\x03\x08\x03\x01SHs\xF0|\xCA\xC1\xD9\x02\x04\xF2\x1D-I\xF5\x12\xBF@\x1B\x94\xD9\x93\xE4\xC4\xF4\xF0\xD0B\xCDD\xA2Y\x00\x02\x96\x00\x00\x00\x01\x00\x02\x00\x03\x00\x04\x00\x05\x00\x06\x00\x07\x00\x08\x00\x09\x00" 400 181 "-" "-"
101.226.103.146 - - [18/Jun/2016:18:11:13 +0800] "\x16\x03\x02\x03\x0C\x01\x00\x03\x08\x03\x02SHs\xF0|\xCA\xC1\xD9\x02\x04\xF2\x1D-I\xF5\x12\xBF@\x1B\x94\xD9\x93\xE4\xC4\xF4\xF0\xD0B\xCDD\xA2Y\x00\x02\x96\x00\x00\x00\x01\x00\x02\x00\x03\x00\x04\x00\x05\x00\x06\x00\x07\x00\x08\x00\x09\x00" 400 181 "-" "-"
101.226.103.146 - - [18/Jun/2016:18:11:13 +0800] "\x16\x03\x03\x03\x0C\x01\x00\x03\x08\x03\x03SHs\xF0|\xCA\xC1\xD9\x02\x04\xF2\x1D-I\xF5\x12\xBF@\x1B\x94\xD9\x93\xE4\xC4\xF4\xF0\xD0B\xCDD\xA2Y\x00\x02\x96\x00\x00\x00\x01\x00\x02\x00\x03\x00\x04\x00\x05\x00\x06\x00\x07\x00\x08\x00\x09\x00" 400 181 "-" "-"
198.52.119.97 - - [18/Jun/2016:18:33:00 +0800] "CONNECT s.yimg.com:443 HTTP/1.1" 400 181 "-" "-"
198.52.119.97 - - [18/Jun/2016:18:33:01 +0800] "CONNECT s.yimg.com:443 HTTP/1.1" 400 181 "-" "-"
198.52.119.97 - - [18/Jun/2016:18:33:01 +0800] "CONNECT l.yimg.com:80 HTTP/1.1" 400 181 "-" "-"
23.251.51.125 - - [18/Jun/2016:18:51:05 +0800] "GET http://fr.cyberpods.net/ HTTP/1.0" 404 14 "-" "Mozilla/5.0 (compatible; MSIE 6.0; Windows NT 5.1; Trident/5.0)"
23.251.51.125 - - [18/Jun/2016:18:51:08 +0800] "CONNECT www.baidu.com:443 HTTP/1.0" 400 181 "-" "-"
101.226.103.146 - - [18/Jun/2016:18:53:41 +0800] "\x16\x03\x02\x00\xDC\x01\x00\x00\xD8\x03\x02SC[\x90\x9D\x9Br\x0B\xBC\x0C\xBC+\x92\xA8H\x97\xCF\xBD9\x04\xCC\x16" 400 181 "-" "-"
218.95.176.55 - - [18/Jun/2016:19:12:11 +0800] "GET /phpMyAdmin HTTP/1.1" 404 14 "http://115.159.219.141/phpMyAdmin" "Mozilla/4.0 (compatible; MSIE 9.0; Windows NT 6.1)"
198.20.70.114 - - [18/Jun/2016:19:17:58 +0800] "GET / HTTP/1.1" 404 14 "-" "Mozilla/5.0 (Windows NT 6.1) AppleWebKit/537.36 (KHTML, like Gecko) Chrome/41.0.2228.0 Safari/537.36"
198.20.70.114 - - [18/Jun/2016:19:18:00 +0800] "GET /robots.txt HTTP/1.1" 404 14 "-" "-"
198.20.70.114 - - [18/Jun/2016:19:18:01 +0800] "GET /sitemap.xml HTTP/1.1" 404 14 "-" "-"
198.20.70.114 - - [18/Jun/2016:19:18:07 +0800] "GET / HTTP/1.1" 404 14 "-" "Mozilla/5.0 (Windows NT 6.1) AppleWebKit/537.36 (KHTML, like Gecko) Chrome/41.0.2228.0 Safari/537.36"
198.20.70.114 - - [18/Jun/2016:19:18:09 +0800] "GET /robots.txt HTTP/1.1" 404 14 "-" "-"
198.20.70.114 - - [18/Jun/2016:19:18:12 +0800] "GET /sitemap.xml HTTP/1.1" 404 14 "-" "-"
198.20.70.114 - - [18/Jun/2016:19:18:28 +0800] "GET / HTTP/1.1" 404 14 "-" "Mozilla/5.0 (Windows NT 6.1) AppleWebKit/537.36 (KHTML, like Gecko) Chrome/41.0.2228.0 Safari/537.36"
198.20.70.114 - - [18/Jun/2016:19:18:29 +0800] "GET /robots.txt HTTP/1.1" 404 14 "-" "-"
198.20.70.114 - - [18/Jun/2016:19:18:30 +0800] "GET /sitemap.xml HTTP/1.1" 404 14 "-" "-"
198.52.119.97 - - [18/Jun/2016:19:28:47 +0800] "CONNECT s.yimg.com:443 HTTP/1.1" 400 181 "-" "-"
198.52.119.97 - - [18/Jun/2016:19:28:47 +0800] "CONNECT s.yimg.com:443 HTTP/1.1" 400 181 "-" "-"
198.52.119.97 - - [18/Jun/2016:19:28:48 +0800] "CONNECT l.yimg.com:80 HTTP/1.1" 400 181 "-" "-"
