223.97.235.165 - - [13/Jun/2016:11:11:48 +0800] "GET /phpmyadmin HTTP/1.1" 404 14 "http://115.159.219.141/phpmyadmin" "Mozilla/4.0 (compatible; MSIE 9.0; Windows NT 6.1)"
101.204.188.141 - - [13/Jun/2016:11:22:59 +0800] "GET /api/users HTTP/1.1" 200 928 "-" "Mozilla/5.0 (Windows NT 6.1; WOW64) AppleWebKit/537.36 (KHTML, like Gecko) Chrome/49.0.2623.112 Safari/537.36"
101.204.188.141 - - [13/Jun/2016:11:23:19 +0800] "GET /README.md HTTP/1.1" 404 14 "-" "Mozilla/5.0 (Windows NT 6.1; WOW64) AppleWebKit/537.36 (KHTML, like Gecko) Chrome/49.0.2623.112 Safari/537.36"
101.204.188.141 - - [13/Jun/2016:11:23:29 +0800] "GET / HTTP/1.1" 404 14 "-" "Mozilla/5.0 (Windows NT 6.1; WOW64) AppleWebKit/537.36 (KHTML, like Gecko) Chrome/49.0.2623.112 Safari/537.36"
23.251.51.125 - - [13/Jun/2016:11:34:22 +0800] "GET http://www.sbjudge2.com/azenv.php HTTP/1.0" 404 14 "-" "Mozilla/5.0 (compatible; MSIE 6.0; Windows NT 5.1; Trident/5.0)"
23.251.51.125 - - [13/Jun/2016:11:34:23 +0800] "CONNECT www.alipay.com:443 HTTP/1.0" 400 181 "-" "-"
172.82.166.210 - - [13/Jun/2016:12:18:28 +0800] "GET http://www.baidu.com/cache/global/img/gs.gif HTTP/1.1" 404 14 "-" "Mozilla"
80.82.78.38 - - [13/Jun/2016:12:22:25 +0800] "GET http://www.baidu.com/cache/global/img/gs.gif HTTP/1.1" 404 14 "-" "Mozilla"
23.251.51.125 - - [13/Jun/2016:12:40:04 +0800] "GET http://fr.cyberpods.net/ HTTP/1.0" 404 14 "-" "Mozilla/5.0 (compatible; MSIE 6.0; Windows NT 5.1; Trident/5.0)"
23.251.51.125 - - [13/Jun/2016:12:40:05 +0800] "CONNECT www.baidu.com:443 HTTP/1.0" 400 181 "-" "-"
114.43.1.125 - - [13/Jun/2016:13:02:05 +0800] "CONNECT smtp.mail.yahoo.com:25 HTTP/1.0" 400 181 "-" "-"
114.43.1.125 - - [13/Jun/2016:13:08:52 +0800] "CONNECT smtp.mail.yahoo.com:25 HTTP/1.0" 400 181 "-" "-"
163.177.69.38 - - [13/Jun/2016:13:10:25 +0800] "GET /phpmyadmin HTTP/1.1" 404 14 "-" "Mozilla/5.0 (Linux; U; Android 4.4.2; zh-cn; GT-I9500 Build/KOT49H) AppleWebKit/537.36 (KHTML, like Gecko)Version/4.0 MQQBrowser/5.0 QQ-URL-Manager Mobile Safari/537.36"
114.43.1.125 - - [13/Jun/2016:13:15:24 +0800] "CONNECT smtp.mail.yahoo.com:25 HTTP/1.0" 400 181 "-" "-"
114.43.1.125 - - [13/Jun/2016:13:22:13 +0800] "CONNECT smtp.mail.yahoo.com:25 HTTP/1.0" 400 181 "-" "-"
114.43.1.125 - - [13/Jun/2016:13:28:55 +0800] "CONNECT smtp.mail.yahoo.com:25 HTTP/1.0" 400 181 "-" "-"
114.43.1.125 - - [13/Jun/2016:13:35:27 +0800] "CONNECT smtp.mail.yahoo.com:25 HTTP/1.0" 400 181 "-" "-"
114.43.1.125 - - [13/Jun/2016:13:41:50 +0800] "CONNECT smtp.mail.yahoo.com:25 HTTP/1.0" 400 181 "-" "-"
23.251.51.125 - - [13/Jun/2016:13:47:51 +0800] "GET http://www.luisaranguren.com/azenv.php HTTP/1.0" 404 14 "-" "Mozilla/5.0 (compatible; MSIE 6.0; Windows NT 5.1; Trident/5.0)"
23.251.51.125 - - [13/Jun/2016:13:47:52 +0800] "CONNECT www.baidu.com:443 HTTP/1.0" 400 181 "-" "-"
114.43.1.125 - - [13/Jun/2016:13:48:17 +0800] "CONNECT smtp.mail.yahoo.com:25 HTTP/1.0" 400 181 "-" "-"
114.43.1.125 - - [13/Jun/2016:13:55:00 +0800] "CONNECT smtp.mail.yahoo.com:25 HTTP/1.0" 400 181 "-" "-"
114.43.1.125 - - [13/Jun/2016:14:01:24 +0800] "CONNECT smtp.mail.yahoo.com:25 HTTP/1.0" 400 181 "-" "-"
114.43.1.125 - - [13/Jun/2016:14:07:50 +0800] "CONNECT smtp.mail.yahoo.com:25 HTTP/1.0" 400 181 "-" "-"
114.43.1.125 - - [13/Jun/2016:14:14:18 +0800] "CONNECT smtp.mail.yahoo.com:25 HTTP/1.0" 400 181 "-" "-"
114.43.1.125 - - [13/Jun/2016:14:20:55 +0800] "CONNECT smtp.mail.yahoo.com:25 HTTP/1.0" 400 181 "-" "-"
114.43.1.125 - - [13/Jun/2016:14:27:41 +0800] "CONNECT smtp.mail.yahoo.com:25 HTTP/1.0" 400 181 "-" "-"
114.43.1.125 - - [13/Jun/2016:14:34:49 +0800] "CONNECT smtp.mail.yahoo.com:25 HTTP/1.0" 400 181 "-" "-"
112.90.78.25 - - [13/Jun/2016:14:40:03 +0800] "GET / HTTP/1.1" 404 14 "-" "Mozilla/5.0 (Linux; U; Android 4.4.2; zh-cn; GT-I9500 Build/KOT49H) AppleWebKit/537.36 (KHTML, like Gecko)Version/4.0 MQQBrowser/5.0 QQ-URL-Manager Mobile Safari/537.36"
114.43.1.125 - - [13/Jun/2016:14:41:18 +0800] "CONNECT smtp.mail.yahoo.com:25 HTTP/1.0" 400 181 "-" "-"
114.43.1.125 - - [13/Jun/2016:14:48:17 +0800] "CONNECT smtp.mail.yahoo.com:25 HTTP/1.0" 400 181 "-" "-"
111.248.124.104 - - [13/Jun/2016:15:10:18 +0800] "CONNECT 163mx03.mxmail.netease.com:25 HTTP/1.0" 400 181 "-" "-"
169.229.3.91 - - [13/Jun/2016:15:50:38 +0800] "\x98%4\xAF\xFD\x11\xFDJ\x13s\xAF\x18g\xDA\xCBP\xE1d\x14w-\xB2\x96\x80ij\xCEf\xA7\x07\xE7xKh^1\x85\xFB\xC9\xA1#w\xB8\xF3\xC0,\xB7\x89\x86\xD6\xD9\x1ED\x03\x22>\x1Ek\xB6\xA5\x7F\x05\xA5f" 400 181 "-" "-"
115.230.124.164 - - [13/Jun/2016:15:51:58 +0800] "GET http://zc.qq.com/cgi-bin/common/attr?id=260714&r=0.3732915523026491 HTTP/1.1" 404 14 "-" "Mozilla/5.0 (compatible; MSIE 9.0; Windows NT 6.1; Trident/5.0; 360SE)"
80.82.78.38 - - [13/Jun/2016:16:26:30 +0800] "GET http://www.baidu.com/cache/global/img/gs.gif HTTP/1.1" 404 14 "-" "Mozilla"
23.251.51.125 - - [13/Jun/2016:16:37:02 +0800] "CONNECT www.alipay.com:443 HTTP/1.0" 400 181 "-" "-"
23.251.51.125 - - [13/Jun/2016:16:37:04 +0800] "GET http://www.sbjudge2.com/azenv.php HTTP/1.0" 404 14 "-" "Mozilla/5.0 (compatible; MSIE 6.0; Windows NT 5.1; Trident/5.0)"
114.43.1.125 - - [13/Jun/2016:17:02:00 +0800] "CONNECT smtp.mail.yahoo.com:25 HTTP/1.0" 400 181 "-" "-"
58.221.64.148 - - [13/Jun/2016:17:06:27 +0800] "GET /manager/html HTTP/1.1" 404 14 "-" "Mozilla/3.0 (compatible; Indy Library)"
58.221.64.148 - - [13/Jun/2016:17:06:33 +0800] "GET /manager/html HTTP/1.1" 404 14 "-" "Mozilla/3.0 (compatible; Indy Library)"
23.251.51.125 - - [13/Jun/2016:17:41:41 +0800] "GET http://www.sbjudge2.com/azenv.php HTTP/1.0" 404 14 "-" "Mozilla/5.0 (compatible; MSIE 6.0; Windows NT 5.1; Trident/5.0)"
23.251.51.125 - - [13/Jun/2016:17:41:42 +0800] "CONNECT www.baidu.com:443 HTTP/1.0" 400 181 "-" "-"
198.52.119.97 - - [13/Jun/2016:17:53:15 +0800] "CONNECT s.yimg.com:443 HTTP/1.1" 400 181 "-" "-"
198.52.119.97 - - [13/Jun/2016:17:53:15 +0800] "CONNECT s.yimg.com:443 HTTP/1.1" 400 181 "-" "-"
198.52.119.97 - - [13/Jun/2016:17:53:16 +0800] "CONNECT l.yimg.com:80 HTTP/1.1" 400 181 "-" "-"
115.230.124.164 - - [13/Jun/2016:18:19:37 +0800] "GET http://zc.qq.com/cgi-bin/common/attr?id=260714&r=0.3180985260934497 HTTP/1.1" 404 14 "-" "Mozilla/5.0 (compatible; MSIE 9.0; Windows NT 6.1; Trident/5.0; 360SE)"
114.43.1.125 - - [13/Jun/2016:18:21:23 +0800] "CONNECT smtp.mail.yahoo.com:25 HTTP/1.0" 400 181 "-" "-"
23.251.51.125 - - [13/Jun/2016:18:35:57 +0800] "GET http://www.luisaranguren.com/azenv.php HTTP/1.0" 404 14 "-" "Mozilla/5.0 (compatible; MSIE 6.0; Windows NT 5.1; Trident/5.0)"
23.251.51.125 - - [13/Jun/2016:18:35:58 +0800] "CONNECT www.baidu.com:443 HTTP/1.0" 400 181 "-" "-"
198.74.98.247 - - [13/Jun/2016:18:52:31 +0800] "CONNECT s.yimg.com:443 HTTP/1.1" 400 181 "-" "-"
198.74.98.247 - - [13/Jun/2016:18:52:31 +0800] "CONNECT s.yimg.com:443 HTTP/1.1" 400 181 "-" "-"
198.74.98.247 - - [13/Jun/2016:18:52:32 +0800] "CONNECT l.yimg.com:80 HTTP/1.1" 400 181 "-" "-"
101.204.190.248 - - [13/Jun/2016:19:03:17 +0800] "GET /api/users HTTP/1.1" 200 928 "-" "Mozilla/5.0 (Windows NT 6.1; WOW64) AppleWebKit/537.36 (KHTML, like Gecko) Chrome/50.0.2661.102 Safari/537.36"
101.204.190.248 - - [13/Jun/2016:19:03:20 +0800] "GET /favicon.ico HTTP/1.1" 200 2814 "http://115.159.219.141/api/users" "Mozilla/5.0 (Windows NT 6.1; WOW64) AppleWebKit/537.36 (KHTML, like Gecko) Chrome/50.0.2661.102 Safari/537.36"
61.231.1.146 - - [13/Jun/2016:19:23:54 +0800] "CONNECT vip163mx00.mxmail.netease.com:25 HTTP/1.0" 400 181 "-" "-"
121.199.70.200 - - [13/Jun/2016:19:26:32 +0800] "GET / HTTP/1.1" 404 14 "-" "-"
159.226.165.54 - - [13/Jun/2016:19:40:13 +0800] "GET /phpMyAdmin HTTP/1.1" 404 14 "http://115.159.219.141/phpMyAdmin" "Mozilla/4.0 (compatible; MSIE 9.0; Windows NT 6.1)"
198.74.98.247 - - [13/Jun/2016:20:05:38 +0800] "CONNECT s.yimg.com:443 HTTP/1.1" 400 181 "-" "-"
198.74.98.247 - - [13/Jun/2016:20:05:39 +0800] "CONNECT s.yimg.com:443 HTTP/1.1" 400 181 "-" "-"
198.74.98.247 - - [13/Jun/2016:20:05:39 +0800] "CONNECT l.yimg.com:80 HTTP/1.1" 400 181 "-" "-"
80.82.78.38 - - [13/Jun/2016:20:33:16 +0800] "GET http://www.baidu.com/cache/global/img/gs.gif HTTP/1.1" 404 14 "-" "Mozilla"
113.105.95.122 - - [13/Jun/2016:20:56:48 +0800] "GET /static/fonts/fontawesome-webfont.woff HTTP/1.1" 200 33629 "-" "Mozilla/5.0 (Linux; U; Android 4.4.2; zh-cn; GT-I9500 Build/KOT49H) AppleWebKit/537.36 (KHTML, like Gecko)Version/4.0 MQQBrowser/5.0 QQ-URL-Manager Mobile Safari/537.36"
114.43.1.125 - - [13/Jun/2016:20:56:52 +0800] "CONNECT smtp.mail.yahoo.com:25 HTTP/1.0" 400 181 "-" "-"
198.52.119.97 - - [13/Jun/2016:21:03:35 +0800] "CONNECT s.yimg.com:443 HTTP/1.1" 400 181 "-" "-"
198.52.119.97 - - [13/Jun/2016:21:03:35 +0800] "CONNECT s.yimg.com:443 HTTP/1.1" 400 181 "-" "-"
198.52.119.97 - - [13/Jun/2016:21:03:35 +0800] "CONNECT l.yimg.com:80 HTTP/1.1" 400 181 "-" "-"
182.140.168.114 - - [13/Jun/2016:21:07:45 +0800] "GET /static/fonts/fontawesome-webfont.woff HTTP/1.1" 200 44432 "http://m.ixdzs.com/down?id=144782&p=1" "Mozilla/5.0 (Linux; U; Android 4.4.2; zh-cn; GT-I9500 Build/KOT49H) AppleWebKit/537.36 (KHTML, like Gecko)Version/4.0 MQQBrowser/5.0 Mobile Safari/537.36"
218.28.55.134 - - [13/Jun/2016:21:09:59 +0800] "GET /phpmyadmin HTTP/1.1" 404 14 "http://115.159.219.141/phpmyadmin" "Mozilla/4.0 (compatible; MSIE 9.0; Windows NT 6.1)"
198.74.98.247 - - [13/Jun/2016:22:10:08 +0800] "CONNECT s.yimg.com:443 HTTP/1.1" 400 181 "-" "-"
198.74.98.247 - - [13/Jun/2016:22:10:09 +0800] "CONNECT s.yimg.com:443 HTTP/1.1" 400 181 "-" "-"
198.74.98.247 - - [13/Jun/2016:22:10:09 +0800] "CONNECT l.yimg.com:80 HTTP/1.1" 400 181 "-" "-"
14.17.34.182 - - [13/Jun/2016:22:24:34 +0800] "GET /signin HTTP/1.1" 500 170 "-" "Mozilla/5.0 (Linux; U; Android 4.4.2; zh-cn; GT-I9500 Build/KOT49H) AppleWebKit/537.36 (KHTML, like Gecko)Version/4.0 MQQBrowser/5.0 QQ-URL-Manager Mobile Safari/537.36"
119.147.207.158 - - [13/Jun/2016:22:24:34 +0800] "GET /manage HTTP/1.1" 404 14 "-" "Mozilla/5.0 (iPhone; U; CPU iPhone OS 4_0 like Mac OS X; en-us) AppleWebKit/532.9 (KHTML, like Gecko) Version/4.0.5 Mobile/8A293 Safari/6531.22.7"
14.17.34.190 - - [13/Jun/2016:22:24:34 +0800] "GET /manage HTTP/1.1" 404 14 "-" "Mozilla/5.0 (Linux; U; Android 4.4.2; zh-cn; GT-I9500 Build/KOT49H) AppleWebKit/537.36 (KHTML, like Gecko)Version/4.0 MQQBrowser/5.0 QQ-URL-Manager Mobile Safari/537.36"
112.90.82.196 - - [13/Jun/2016:22:24:34 +0800] "GET /signin HTTP/1.1" 500 170 "-" "Mozilla/5.0 (iPhone; U; CPU iPhone OS 4_0 like Mac OS X; en-us) AppleWebKit/532.9 (KHTML, like Gecko) Version/4.0.5 Mobile/8A293 Safari/6531.22.7"
198.52.119.97 - - [13/Jun/2016:23:19:34 +0800] "CONNECT s.yimg.com:443 HTTP/1.1" 400 181 "-" "-"
198.52.119.97 - - [13/Jun/2016:23:19:35 +0800] "CONNECT s.yimg.com:443 HTTP/1.1" 400 181 "-" "-"
198.52.119.97 - - [13/Jun/2016:23:19:35 +0800] "CONNECT l.yimg.com:80 HTTP/1.1" 400 181 "-" "-"
114.43.1.125 - - [13/Jun/2016:23:46:11 +0800] "CONNECT smtp.mail.yahoo.com:25 HTTP/1.0" 400 181 "-" "-"
23.251.51.125 - - [13/Jun/2016:23:51:58 +0800] "GET http://www.sbjudge1.com/azenv.php HTTP/1.0" 404 14 "-" "Mozilla/5.0 (compatible; MSIE 6.0; Windows NT 5.1; Trident/5.0)"
23.251.51.125 - - [13/Jun/2016:23:51:59 +0800] "CONNECT www.baidu.com:443 HTTP/1.0" 400 181 "-" "-"
110.173.15.146 - - [13/Jun/2016:23:52:24 +0800] "GET /phpMyAdmin HTTP/1.1" 404 14 "http://115.159.219.141/phpMyAdmin" "Mozilla/4.0 (compatible; MSIE 9.0; Windows NT 6.1)"
198.52.119.97 - - [14/Jun/2016:00:17:56 +0800] "CONNECT s.yimg.com:443 HTTP/1.1" 400 181 "-" "-"
198.52.119.97 - - [14/Jun/2016:00:17:57 +0800] "CONNECT s.yimg.com:443 HTTP/1.1" 400 181 "-" "-"
198.52.119.97 - - [14/Jun/2016:00:17:57 +0800] "CONNECT l.yimg.com:80 HTTP/1.1" 400 181 "-" "-"
80.82.78.38 - - [14/Jun/2016:00:35:52 +0800] "GET http://www.baidu.com/cache/global/img/gs.gif HTTP/1.1" 404 14 "-" "Mozilla"
23.251.51.125 - - [14/Jun/2016:00:57:06 +0800] "GET http://www.sbjudge2.com/azenv.php HTTP/1.0" 404 14 "-" "Mozilla/5.0 (compatible; MSIE 6.0; Windows NT 5.1; Trident/5.0)"
23.251.51.125 - - [14/Jun/2016:00:57:10 +0800] "CONNECT www.baidu.com:443 HTTP/1.0" 400 181 "-" "-"
213.246.45.128 - - [14/Jun/2016:01:09:36 +0800] "GET http://www.baidu.com/cache/global/img/gs.gif HTTP/1.1" 404 14 "-" "Mozilla"
198.74.98.247 - - [14/Jun/2016:01:17:19 +0800] "CONNECT s.yimg.com:443 HTTP/1.1" 400 181 "-" "-"
198.74.98.247 - - [14/Jun/2016:01:17:19 +0800] "CONNECT s.yimg.com:443 HTTP/1.1" 400 181 "-" "-"
198.74.98.247 - - [14/Jun/2016:01:17:20 +0800] "CONNECT l.yimg.com:80 HTTP/1.1" 400 181 "-" "-"
115.230.124.164 - - [14/Jun/2016:01:50:13 +0800] "GET http://zc.qq.com/cgi-bin/common/attr?id=260714&r=0.9156356261206081 HTTP/1.1" 404 14 "-" "Mozilla/5.0 (compatible; MSIE 9.0; Windows NT 6.1; Trident/5.0; 360SE)"
23.251.51.125 - - [14/Jun/2016:01:53:56 +0800] "GET http://fr.cyberpods.net/ HTTP/1.0" 404 14 "-" "Mozilla/5.0 (compatible; MSIE 6.0; Windows NT 5.1; Trident/5.0)"
23.251.51.125 - - [14/Jun/2016:01:53:59 +0800] "CONNECT www.baidu.com:443 HTTP/1.0" 400 181 "-" "-"
198.74.98.247 - - [14/Jun/2016:02:30:46 +0800] "CONNECT s.yimg.com:443 HTTP/1.1" 400 181 "-" "-"
198.74.98.247 - - [14/Jun/2016:02:30:47 +0800] "CONNECT s.yimg.com:443 HTTP/1.1" 400 181 "-" "-"
198.74.98.247 - - [14/Jun/2016:02:30:47 +0800] "CONNECT l.yimg.com:80 HTTP/1.1" 400 181 "-" "-"
61.160.195.222 - - [14/Jun/2016:03:20:24 +0800] "GET http://119.90.40.16:8090/ HTTP/1.1" 404 14 "-" "Mozilla/5.0 (Windows NT 10.0; WOW64) AppleWebKit/537.36 (KHTML, like Gecko) Chrome/45.0.2454.99 Safari/537.36"
198.52.119.97 - - [14/Jun/2016:03:24:11 +0800] "CONNECT s.yimg.com:443 HTTP/1.1" 400 181 "-" "-"
198.52.119.97 - - [14/Jun/2016:03:24:11 +0800] "CONNECT s.yimg.com:443 HTTP/1.1" 400 181 "-" "-"
198.52.119.97 - - [14/Jun/2016:03:24:12 +0800] "CONNECT l.yimg.com:80 HTTP/1.1" 400 181 "-" "-"
115.230.124.164 - - [14/Jun/2016:04:18:57 +0800] "GET http://zc.qq.com/cgi-bin/common/attr?id=260714&r=0.5933468410675143 HTTP/1.1" 404 14 "-" "Mozilla/5.0 (compatible; MSIE 9.0; Windows NT 6.1; Trident/5.0; 360SE)"
23.251.51.125 - - [14/Jun/2016:04:20:05 +0800] "GET http://proxyjudge.us/ HTTP/1.0" 404 14 "-" "Mozilla/5.0 (compatible; MSIE 6.0; Windows NT 5.1; Trident/5.0)"
23.251.51.125 - - [14/Jun/2016:04:20:05 +0800] "CONNECT www.baidu.com:443 HTTP/1.0" 400 181 "-" "-"
23.251.63.45 - - [14/Jun/2016:04:21:31 +0800] "GET http://www.luisaranguren.com/azenv.php HTTP/1.0" 404 14 "-" "Mozilla/5.0 (compatible; MSIE 6.0; Windows NT 5.1; Trident/5.0)"
23.251.63.45 - - [14/Jun/2016:04:21:32 +0800] "CONNECT www.alipay.com:443 HTTP/1.0" 400 181 "-" "-"
114.43.1.125 - - [14/Jun/2016:04:28:57 +0800] "CONNECT smtp.mail.yahoo.com:25 HTTP/1.0" 400 181 "-" "-"
198.74.98.247 - - [14/Jun/2016:04:34:36 +0800] "CONNECT s.yimg.com:443 HTTP/1.1" 400 181 "-" "-"
198.74.98.247 - - [14/Jun/2016:04:34:36 +0800] "CONNECT s.yimg.com:443 HTTP/1.1" 400 181 "-" "-"
198.74.98.247 - - [14/Jun/2016:04:34:37 +0800] "CONNECT l.yimg.com:80 HTTP/1.1" 400 181 "-" "-"
80.82.78.38 - - [14/Jun/2016:04:34:46 +0800] "GET http://www.baidu.com/cache/global/img/gs.gif HTTP/1.1" 404 14 "-" "Mozilla"
61.151.186.141 - - [14/Jun/2016:05:08:22 +0800] "GET / HTTP/1.0" 404 14 "-" "-"
23.251.51.125 - - [14/Jun/2016:05:23:27 +0800] "GET http://www.proxy-listen.de/azenv.php HTTP/1.0" 404 14 "-" "Mozilla/5.0 (compatible; MSIE 6.0; Windows NT 5.1; Trident/5.0)"
23.251.51.125 - - [14/Jun/2016:05:23:27 +0800] "CONNECT www.baidu.com:443 HTTP/1.0" 400 181 "-" "-"
101.226.103.146 - - [14/Jun/2016:05:31:32 +0800] "GET / HTTP/1.1" 404 14 "-" "libwww-perl/6.04"
101.226.103.146 - - [14/Jun/2016:05:31:32 +0800] "GET / HTTP/1.1" 404 14 "-" "libwww-perl/6.04"
101.226.103.146 - - [14/Jun/2016:05:31:32 +0800] "GET / HTTP/1.1" 404 14 "-" "libwww-perl/6.04"
198.52.119.97 - - [14/Jun/2016:05:39:18 +0800] "CONNECT s.yimg.com:443 HTTP/1.1" 400 181 "-" "-"
198.52.119.97 - - [14/Jun/2016:05:39:18 +0800] "CONNECT s.yimg.com:443 HTTP/1.1" 400 181 "-" "-"
198.52.119.97 - - [14/Jun/2016:05:39:19 +0800] "CONNECT l.yimg.com:80 HTTP/1.1" 400 181 "-" "-"
114.43.1.125 - - [14/Jun/2016:05:44:55 +0800] "CONNECT smtp.mail.yahoo.com:25 HTTP/1.0" 400 181 "-" "-"
123.56.64.43 - - [14/Jun/2016:05:49:10 +0800] "GET http://www.izhongsai.com/ HTTP/1.1" 404 14 "-" "Mozilla/5.0 (compatible; MSIE 9.0; AOL 9.0; Windows NT 6.0; Trident/5.0)"
101.226.103.146 - - [14/Jun/2016:06:02:15 +0800] "GET / HTTP/1.1" 404 14 "-" "libwww-perl/6.04"
101.226.103.146 - - [14/Jun/2016:06:02:15 +0800] "GET / HTTP/1.1" 404 14 "-" "libwww-perl/6.04"
101.226.103.146 - - [14/Jun/2016:06:02:15 +0800] "GET / HTTP/1.1" 404 14 "-" "libwww-perl/6.04"
23.251.51.125 - - [14/Jun/2016:06:25:19 +0800] "GET http://www.proxyjudge.info/azenv.php HTTP/1.0" 404 14 "-" "Mozilla/5.0 (compatible; MSIE 6.0; Windows NT 5.1; Trident/5.0)"
23.251.51.125 - - [14/Jun/2016:06:25:19 +0800] "CONNECT www.baidu.com:443 HTTP/1.0" 400 181 "-" "-"
198.52.119.97 - - [14/Jun/2016:06:35:42 +0800] "CONNECT s.yimg.com:443 HTTP/1.1" 400 181 "-" "-"
198.52.119.97 - - [14/Jun/2016:06:35:43 +0800] "CONNECT s.yimg.com:443 HTTP/1.1" 400 181 "-" "-"
198.52.119.97 - - [14/Jun/2016:06:35:43 +0800] "CONNECT l.yimg.com:80 HTTP/1.1" 400 181 "-" "-"
115.230.124.164 - - [14/Jun/2016:06:47:47 +0800] "GET http://zc.qq.com/cgi-bin/common/attr?id=260714&r=0.3528969485415189 HTTP/1.1" 404 14 "-" "Mozilla/5.0 (compatible; MSIE 9.0; Windows NT 6.1; Trident/5.0; 360SE)"
115.230.124.164 - - [14/Jun/2016:06:47:58 +0800] "GET http://zc.qq.com/cgi-bin/common/attr?id=260714&r=0.4515331396333090 HTTP/1.1" 404 14 "-" "Mozilla/5.0 (compatible; MSIE 9.0; Windows NT 6.1; Trident/5.0; 360SE)"
172.82.166.210 - - [14/Jun/2016:07:32:21 +0800] "GET http://www.baidu.com/cache/global/img/gs.gif HTTP/1.1" 404 14 "-" "Mozilla"
23.251.51.125 - - [14/Jun/2016:07:38:11 +0800] "GET http://www.luisaranguren.com/azenv.php HTTP/1.0" 404 14 "-" "Mozilla/5.0 (compatible; MSIE 6.0; Windows NT 5.1; Trident/5.0)"
23.251.51.125 - - [14/Jun/2016:07:38:12 +0800] "CONNECT www.baidu.com:443 HTTP/1.0" 400 181 "-" "-"
198.74.98.247 - - [14/Jun/2016:07:47:46 +0800] "CONNECT s.yimg.com:443 HTTP/1.1" 400 181 "-" "-"
198.74.98.247 - - [14/Jun/2016:07:47:47 +0800] "CONNECT s.yimg.com:443 HTTP/1.1" 400 181 "-" "-"
198.74.98.247 - - [14/Jun/2016:07:47:47 +0800] "CONNECT l.yimg.com:80 HTTP/1.1" 400 181 "-" "-"
80.82.78.38 - - [14/Jun/2016:08:34:11 +0800] "GET http://www.baidu.com/cache/global/img/gs.gif HTTP/1.1" 404 14 "-" "Mozilla"
183.60.48.110 - - [14/Jun/2016:08:36:21 +0800] "GET / HTTP/1.1" 404 14 "-" "libwww-perl/6.04"
198.52.119.97 - - [14/Jun/2016:08:48:29 +0800] "CONNECT s.yimg.com:443 HTTP/1.1" 400 181 "-" "-"
198.52.119.97 - - [14/Jun/2016:08:48:30 +0800] "CONNECT s.yimg.com:443 HTTP/1.1" 400 181 "-" "-"
198.52.119.97 - - [14/Jun/2016:08:48:30 +0800] "CONNECT l.yimg.com:80 HTTP/1.1" 400 181 "-" "-"
119.147.21.64 - - [14/Jun/2016:09:02:35 +0800] "GET / HTTP/1.1" 404 14 "-" "Python-urllib/2.7"
23.251.51.125 - - [14/Jun/2016:09:04:50 +0800] "GET http://www.sbjudge3.com/azenv.php HTTP/1.0" 404 14 "-" "Mozilla/5.0 (compatible; MSIE 6.0; Windows NT 5.1; Trident/5.0)"
23.251.51.125 - - [14/Jun/2016:09:04:52 +0800] "CONNECT www.baidu.com:443 HTTP/1.0" 400 181 "-" "-"
101.204.188.151 - - [14/Jun/2016:09:06:41 +0800] "GET /api/users HTTP/1.1" 200 928 "-" "Mozilla/5.0 (Windows NT 6.1; WOW64) AppleWebKit/537.36 (KHTML, like Gecko) Chrome/50.0.2661.102 Safari/537.36"
115.230.124.164 - - [14/Jun/2016:09:17:57 +0800] "GET http://zc.qq.com/cgi-bin/common/attr?id=260714&r=0.5629677755755934 HTTP/1.1" 404 14 "-" "Mozilla/5.0 (compatible; MSIE 9.0; Windows NT 6.1; Trident/5.0; 360SE)"
198.52.119.97 - - [14/Jun/2016:09:47:10 +0800] "CONNECT s.yimg.com:443 HTTP/1.1" 400 181 "-" "-"
198.52.119.97 - - [14/Jun/2016:09:47:10 +0800] "CONNECT s.yimg.com:443 HTTP/1.1" 400 181 "-" "-"
198.52.119.97 - - [14/Jun/2016:09:47:11 +0800] "CONNECT l.yimg.com:80 HTTP/1.1" 400 181 "-" "-"
101.226.103.146 - - [14/Jun/2016:10:04:48 +0800] "\x16\x03\x02\x00\xDC\x01\x00\x00\xD8\x03\x02SC[\x90\x9D\x9Br\x0B\xBC\x0C\xBC+\x92\xA8H\x97\xCF\xBD9\x04\xCC\x16" 400 181 "-" "-"
23.251.51.125 - - [14/Jun/2016:10:38:32 +0800] "GET http://www.proxy-listen.de/azenv.php HTTP/1.0" 404 14 "-" "Mozilla/5.0 (compatible; MSIE 6.0; Windows NT 5.1; Trident/5.0)"
23.251.51.125 - - [14/Jun/2016:10:38:32 +0800] "CONNECT www.alipay.com:443 HTTP/1.0" 400 181 "-" "-"
198.74.98.247 - - [14/Jun/2016:11:02:13 +0800] "CONNECT s.yimg.com:443 HTTP/1.1" 400 181 "-" "-"
198.74.98.247 - - [14/Jun/2016:11:02:14 +0800] "CONNECT s.yimg.com:443 HTTP/1.1" 400 181 "-" "-"
198.74.98.247 - - [14/Jun/2016:11:02:14 +0800] "CONNECT l.yimg.com:80 HTTP/1.1" 400 181 "-" "-"
23.251.51.125 - - [14/Jun/2016:11:43:26 +0800] "GET http://www.luisaranguren.com/azenv.php HTTP/1.0" 404 14 "-" "Mozilla/5.0 (compatible; MSIE 6.0; Windows NT 5.1; Trident/5.0)"
23.251.51.125 - - [14/Jun/2016:11:43:28 +0800] "CONNECT www.baidu.com:443 HTTP/1.0" 400 181 "-" "-"
115.230.124.164 - - [14/Jun/2016:11:47:27 +0800] "GET http://zc.qq.com/cgi-bin/common/attr?id=260714&r=0.7087303527700135 HTTP/1.1" 404 14 "-" "Mozilla/5.0 (compatible; MSIE 9.0; Windows NT 6.1; Trident/5.0; 360SE)"
198.52.119.97 - - [14/Jun/2016:12:00:17 +0800] "CONNECT s.yimg.com:443 HTTP/1.1" 400 181 "-" "-"
198.52.119.97 - - [14/Jun/2016:12:00:18 +0800] "CONNECT s.yimg.com:443 HTTP/1.1" 400 181 "-" "-"
198.52.119.97 - - [14/Jun/2016:12:00:18 +0800] "CONNECT l.yimg.com:80 HTTP/1.1" 400 181 "-" "-"
183.60.15.114 - - [14/Jun/2016:12:21:14 +0800] "GET / HTTP/1.0" 404 14 "-" "-"
198.52.119.97 - - [14/Jun/2016:12:58:05 +0800] "CONNECT s.yimg.com:443 HTTP/1.1" 400 181 "-" "-"
198.52.119.97 - - [14/Jun/2016:12:58:05 +0800] "CONNECT s.yimg.com:443 HTTP/1.1" 400 181 "-" "-"
198.52.119.97 - - [14/Jun/2016:12:58:06 +0800] "CONNECT l.yimg.com:80 HTTP/1.1" 400 181 "-" "-"
101.226.103.146 - - [14/Jun/2016:13:07:50 +0800] "\x16\x03\x00\x03\x0C\x01\x00\x03\x08\x03\x00SHs\xF0|\xCA\xC1\xD9\x02\x04\xF2\x1D-I\xF5\x12\xBF@\x1B\x94\xD9\x93\xE4\xC4\xF4\xF0\xD0B\xCDD\xA2Y\x00\x02\x96\x00\x00\x00\x01\x00\x02\x00\x03\x00\x04\x00\x05\x00\x06\x00\x07\x00\x08\x00\x09\x00" 400 181 "-" "-"
101.226.103.146 - - [14/Jun/2016:13:07:50 +0800] "\x16\x03\x01\x03\x0C\x01\x00\x03\x08\x03\x01SHs\xF0|\xCA\xC1\xD9\x02\x04\xF2\x1D-I\xF5\x12\xBF@\x1B\x94\xD9\x93\xE4\xC4\xF4\xF0\xD0B\xCDD\xA2Y\x00\x02\x96\x00\x00\x00\x01\x00\x02\x00\x03\x00\x04\x00\x05\x00\x06\x00\x07\x00\x08\x00\x09\x00" 400 181 "-" "-"
101.226.103.146 - - [14/Jun/2016:13:07:50 +0800] "\x16\x03\x02\x03\x0C\x01\x00\x03\x08\x03\x02SHs\xF0|\xCA\xC1\xD9\x02\x04\xF2\x1D-I\xF5\x12\xBF@\x1B\x94\xD9\x93\xE4\xC4\xF4\xF0\xD0B\xCDD\xA2Y\x00\x02\x96\x00\x00\x00\x01\x00\x02\x00\x03\x00\x04\x00\x05\x00\x06\x00\x07\x00\x08\x00\x09\x00" 400 181 "-" "-"
101.226.103.146 - - [14/Jun/2016:13:07:50 +0800] "\x16\x03\x03\x03\x0C\x01\x00\x03\x08\x03\x03SHs\xF0|\xCA\xC1\xD9\x02\x04\xF2\x1D-I\xF5\x12\xBF@\x1B\x94\xD9\x93\xE4\xC4\xF4\xF0\xD0B\xCDD\xA2Y\x00\x02\x96\x00\x00\x00\x01\x00\x02\x00\x03\x00\x04\x00\x05\x00\x06\x00\x07\x00\x08\x00\x09\x00" 400 181 "-" "-"
182.254.150.174 - - [14/Jun/2016:13:25:57 +0800] "GET /phpmyadmin HTTP/1.1" 404 14 "http://115.159.219.141/phpmyadmin" "Mozilla/4.0 (compatible; MSIE 9.0; Windows NT 6.1)"
23.251.51.125 - - [14/Jun/2016:13:29:41 +0800] "GET http://www.sbjudge3.com/azenv.php HTTP/1.0" 404 14 "-" "Mozilla/5.0 (compatible; MSIE 6.0; Windows NT 5.1; Trident/5.0)"
23.251.51.125 - - [14/Jun/2016:13:29:42 +0800] "CONNECT www.baidu.com:443 HTTP/1.0" 400 181 "-" "-"
185.103.109.13 - - [14/Jun/2016:13:52:26 +0800] "GET / HTTP/1.1" 404 14 "-" "Mozilla/5.0 (Windows NT 6.1; WOW64; rv:46.0) Gecko/20100101 Firefox/46.0"
172.82.166.210 - - [14/Jun/2016:14:12:17 +0800] "GET http://www.baidu.com/cache/global/img/gs.gif HTTP/1.1" 404 14 "-" "Mozilla"
198.52.119.97 - - [14/Jun/2016:14:15:38 +0800] "CONNECT s.yimg.com:443 HTTP/1.1" 400 181 "-" "-"
198.52.119.97 - - [14/Jun/2016:14:15:38 +0800] "CONNECT s.yimg.com:443 HTTP/1.1" 400 181 "-" "-"
198.52.119.97 - - [14/Jun/2016:14:15:38 +0800] "CONNECT l.yimg.com:80 HTTP/1.1" 400 181 "-" "-"
115.230.124.164 - - [14/Jun/2016:14:16:47 +0800] "GET http://zc.qq.com/cgi-bin/common/attr?id=260714&r=0.9127611982815214 HTTP/1.1" 404 14 "-" "Mozilla/5.0 (compatible; MSIE 9.0; Windows NT 6.1; Trident/5.0; 360SE)"
23.251.51.125 - - [14/Jun/2016:14:36:23 +0800] "GET http://www.proxyjudge.info/azenv.php HTTP/1.0" 404 14 "-" "Mozilla/5.0 (compatible; MSIE 6.0; Windows NT 5.1; Trident/5.0)"
23.251.51.125 - - [14/Jun/2016:14:36:32 +0800] "CONNECT www.alipay.com:443 HTTP/1.0" 400 181 "-" "-"
103.214.170.23 - - [14/Jun/2016:15:01:04 +0800] "GET / HTTP/1.1" 404 14 "-" "Mozilla/4.0 (compatible; MSIE 6.0; Windows NT 5.0)"
198.52.119.97 - - [14/Jun/2016:15:07:19 +0800] "CONNECT s.yimg.com:443 HTTP/1.1" 400 181 "-" "-"
198.52.119.97 - - [14/Jun/2016:15:07:19 +0800] "CONNECT s.yimg.com:443 HTTP/1.1" 400 181 "-" "-"
198.52.119.97 - - [14/Jun/2016:15:07:20 +0800] "CONNECT l.yimg.com:80 HTTP/1.1" 400 181 "-" "-"
23.251.51.125 - - [14/Jun/2016:15:51:05 +0800] "GET http://fr.cyberpods.net/ HTTP/1.0" 404 14 "-" "Mozilla/5.0 (compatible; MSIE 6.0; Windows NT 5.1; Trident/5.0)"
23.251.51.125 - - [14/Jun/2016:15:51:05 +0800] "CONNECT www.baidu.com:443 HTTP/1.0" 400 181 "-" "-"
198.74.98.247 - - [14/Jun/2016:16:11:40 +0800] "CONNECT s.yimg.com:443 HTTP/1.1" 400 181 "-" "-"
198.74.98.247 - - [14/Jun/2016:16:11:40 +0800] "CONNECT s.yimg.com:443 HTTP/1.1" 400 181 "-" "-"
198.74.98.247 - - [14/Jun/2016:16:11:41 +0800] "CONNECT l.yimg.com:80 HTTP/1.1" 400 181 "-" "-"
80.82.78.38 - - [14/Jun/2016:16:43:33 +0800] "GET http://www.baidu.com/cache/global/img/gs.gif HTTP/1.1" 404 14 "-" "Mozilla"
23.251.51.125 - - [14/Jun/2016:16:44:47 +0800] "GET http://fr.cyberpods.net/ HTTP/1.0" 404 14 "-" "Mozilla/5.0 (compatible; MSIE 6.0; Windows NT 5.1; Trident/5.0)"
23.251.51.125 - - [14/Jun/2016:16:44:47 +0800] "CONNECT www.baidu.com:443 HTTP/1.0" 400 181 "-" "-"
115.230.124.164 - - [14/Jun/2016:16:45:48 +0800] "GET http://zc.qq.com/cgi-bin/common/attr?id=260714&r=0.7482150443136942 HTTP/1.1" 404 14 "-" "Mozilla/5.0 (compatible; MSIE 9.0; Windows NT 6.1; Trident/5.0; 360SE)"
61.151.186.141 - - [14/Jun/2016:17:15:28 +0800] "GET / HTTP/1.0" 404 14 "-" "-"
198.74.98.247 - - [14/Jun/2016:17:29:15 +0800] "CONNECT s.yimg.com:443 HTTP/1.1" 400 181 "-" "-"
198.74.98.247 - - [14/Jun/2016:17:29:15 +0800] "CONNECT s.yimg.com:443 HTTP/1.1" 400 181 "-" "-"
198.74.98.247 - - [14/Jun/2016:17:29:16 +0800] "CONNECT l.yimg.com:80 HTTP/1.1" 400 181 "-" "-"
23.251.51.125 - - [14/Jun/2016:17:40:20 +0800] "GET http://www.sbjudge1.com/azenv.php HTTP/1.0" 404 14 "-" "Mozilla/5.0 (compatible; MSIE 6.0; Windows NT 5.1; Trident/5.0)"
23.251.51.125 - - [14/Jun/2016:17:40:22 +0800] "CONNECT www.baidu.com:443 HTTP/1.0" 400 181 "-" "-"
198.52.119.97 - - [14/Jun/2016:18:25:15 +0800] "CONNECT s.yimg.com:443 HTTP/1.1" 400 181 "-" "-"
198.52.119.97 - - [14/Jun/2016:18:25:15 +0800] "CONNECT s.yimg.com:443 HTTP/1.1" 400 181 "-" "-"
198.52.119.97 - - [14/Jun/2016:18:25:15 +0800] "CONNECT l.yimg.com:80 HTTP/1.1" 400 181 "-" "-"
114.43.4.1 - - [14/Jun/2016:18:32:18 +0800] "CONNECT smtp.mail.yahoo.com:25 HTTP/1.0" 400 181 "-" "-"
114.43.4.1 - - [14/Jun/2016:18:37:09 +0800] "CONNECT smtp.mail.yahoo.com:25 HTTP/1.0" 400 181 "-" "-"
115.230.124.164 - - [14/Jun/2016:18:40:10 +0800] "GET http://zc.qq.com/cgi-bin/common/attr?id=260714&r=0.3716098866890923 HTTP/1.1" 404 14 "-" "Mozilla/5.0 (compatible; MSIE 9.0; Windows NT 6.1; Trident/5.0; 360SE)"
114.43.4.1 - - [14/Jun/2016:18:43:45 +0800] "CONNECT smtp.mail.yahoo.com:25 HTTP/1.0" 400 181 "-" "-"
114.43.4.1 - - [14/Jun/2016:18:47:33 +0800] "CONNECT smtp.mail.yahoo.com:25 HTTP/1.0" 400 181 "-" "-"
114.43.4.1 - - [14/Jun/2016:18:51:48 +0800] "CONNECT smtp.mail.yahoo.com:25 HTTP/1.0" 400 181 "-" "-"
23.251.51.125 - - [14/Jun/2016:19:01:21 +0800] "GET http://www.proxy-listen.de/azenv.php HTTP/1.0" 404 14 "-" "Mozilla/5.0 (compatible; MSIE 6.0; Windows NT 5.1; Trident/5.0)"
23.251.51.125 - - [14/Jun/2016:19:01:22 +0800] "CONNECT www.alipay.com:443 HTTP/1.0" 400 181 "-" "-"
114.43.4.1 - - [14/Jun/2016:19:03:46 +0800] "CONNECT smtp.mail.yahoo.com:25 HTTP/1.0" 400 181 "-" "-"
114.215.239.201 - - [14/Jun/2016:19:08:58 +0800] "GET / HTTP/1.1" 404 14 "-" "-"
114.43.4.1 - - [14/Jun/2016:19:12:07 +0800] "CONNECT smtp.mail.yahoo.com:25 HTTP/1.0" 400 181 "-" "-"
114.43.4.1 - - [14/Jun/2016:19:17:26 +0800] "CONNECT smtp.mail.yahoo.com:25 HTTP/1.0" 400 181 "-" "-"
198.52.119.97 - - [14/Jun/2016:19:23:10 +0800] "CONNECT s.yimg.com:443 HTTP/1.1" 400 181 "-" "-"
198.52.119.97 - - [14/Jun/2016:19:23:11 +0800] "CONNECT s.yimg.com:443 HTTP/1.1" 400 181 "-" "-"
198.52.119.97 - - [14/Jun/2016:19:23:11 +0800] "CONNECT l.yimg.com:80 HTTP/1.1" 400 181 "-" "-"
114.43.4.1 - - [14/Jun/2016:19:25:13 +0800] "CONNECT smtp.mail.yahoo.com:25 HTTP/1.0" 400 181 "-" "-"
114.43.4.1 - - [14/Jun/2016:19:30:32 +0800] "CONNECT smtp.mail.yahoo.com:25 HTTP/1.0" 400 181 "-" "-"
114.43.4.1 - - [14/Jun/2016:19:39:02 +0800] "CONNECT smtp.mail.yahoo.com:25 HTTP/1.0" 400 181 "-" "-"
114.43.4.1 - - [14/Jun/2016:19:40:28 +0800] "CONNECT smtp.mail.yahoo.com:25 HTTP/1.0" 400 181 "-" "-"
114.43.4.1 - - [14/Jun/2016:19:43:07 +0800] "CONNECT smtp.mail.yahoo.com:25 HTTP/1.0" 400 181 "-" "-"
114.43.4.1 - - [14/Jun/2016:19:45:06 +0800] "CONNECT smtp.mail.yahoo.com:25 HTTP/1.0" 400 181 "-" "-"
114.43.4.1 - - [14/Jun/2016:19:46:42 +0800] "CONNECT smtp.mail.yahoo.com:25 HTTP/1.0" 400 181 "-" "-"
114.43.4.1 - - [14/Jun/2016:19:58:00 +0800] "CONNECT smtp.mail.yahoo.com:25 HTTP/1.0" 400 181 "-" "-"
169.229.3.91 - - [14/Jun/2016:20:09:25 +0800] "\x82\xC1\x8Ct}>s\x8B\x83\x19\xE9\x04\xA5p\xD4[@\xCBJ\xE5\xB45~\x004\x1AXL\x04W\x13\xDC\x11*\xB4\xC0\x07\xE4o\xCAy\x9D\xFD\x15{\x0E\x8C_\xFF\xFA\xE0\x80\xEB-&" 400 181 "-" "-"
114.43.4.1 - - [14/Jun/2016:20:11:16 +0800] "CONNECT smtp.mail.yahoo.com:25 HTTP/1.0" 400 181 "-" "-"
114.43.4.1 - - [14/Jun/2016:20:25:41 +0800] "CONNECT smtp.mail.yahoo.com:25 HTTP/1.0" 400 181 "-" "-"
114.43.4.1 - - [14/Jun/2016:20:30:21 +0800] "CONNECT smtp.mail.yahoo.com:25 HTTP/1.0" 400 181 "-" "-"
114.43.4.1 - - [14/Jun/2016:20:32:29 +0800] "CONNECT smtp.mail.yahoo.com:25 HTTP/1.0" 400 181 "-" "-"
114.43.4.1 - - [14/Jun/2016:20:33:18 +0800] "CONNECT smtp.mail.yahoo.com:25 HTTP/1.0" 400 181 "-" "-"
198.52.119.97 - - [14/Jun/2016:20:41:04 +0800] "CONNECT s.yimg.com:443 HTTP/1.1" 400 181 "-" "-"
198.52.119.97 - - [14/Jun/2016:20:41:04 +0800] "CONNECT s.yimg.com:443 HTTP/1.1" 400 181 "-" "-"
198.52.119.97 - - [14/Jun/2016:20:41:05 +0800] "CONNECT l.yimg.com:80 HTTP/1.1" 400 181 "-" "-"
114.43.4.1 - - [14/Jun/2016:20:41:53 +0800] "CONNECT smtp.mail.yahoo.com:25 HTTP/1.0" 400 181 "-" "-"
172.82.166.210 - - [14/Jun/2016:20:43:55 +0800] "GET http://www.baidu.com/cache/global/img/gs.gif HTTP/1.1" 404 14 "-" "Mozilla"
114.43.4.1 - - [14/Jun/2016:20:49:05 +0800] "CONNECT smtp.mail.yahoo.com:25 HTTP/1.0" 400 181 "-" "-"
80.82.78.38 - - [14/Jun/2016:20:49:12 +0800] "GET http://www.baidu.com/cache/global/img/gs.gif HTTP/1.1" 404 14 "-" "Mozilla"
114.43.4.1 - - [14/Jun/2016:20:50:31 +0800] "CONNECT smtp.mail.yahoo.com:25 HTTP/1.0" 400 181 "-" "-"
114.43.4.1 - - [14/Jun/2016:20:51:52 +0800] "CONNECT smtp.mail.yahoo.com:25 HTTP/1.0" 400 181 "-" "-"
114.43.4.1 - - [14/Jun/2016:21:04:57 +0800] "CONNECT smtp.mail.yahoo.com:25 HTTP/1.0" 400 181 "-" "-"
115.230.124.164 - - [14/Jun/2016:21:09:37 +0800] "GET http://zc.qq.com/cgi-bin/common/attr?id=260714&r=0.2460819726646403 HTTP/1.1" 404 14 "-" "Mozilla/5.0 (compatible; MSIE 9.0; Windows NT 6.1; Trident/5.0; 360SE)"
114.43.4.1 - - [14/Jun/2016:21:16:52 +0800] "CONNECT smtp.mail.yahoo.com:25 HTTP/1.0" 400 181 "-" "-"
114.43.4.1 - - [14/Jun/2016:21:23:49 +0800] "CONNECT smtp.mail.yahoo.com:25 HTTP/1.0" 400 181 "-" "-"
114.43.4.1 - - [14/Jun/2016:21:31:12 +0800] "CONNECT smtp.mail.yahoo.com:25 HTTP/1.0" 400 181 "-" "-"
114.43.4.1 - - [14/Jun/2016:21:32:31 +0800] "CONNECT smtp.mail.yahoo.com:25 HTTP/1.0" 400 181 "-" "-"
198.52.119.97 - - [14/Jun/2016:21:33:00 +0800] "CONNECT s.yimg.com:443 HTTP/1.1" 400 181 "-" "-"
198.52.119.97 - - [14/Jun/2016:21:33:00 +0800] "CONNECT s.yimg.com:443 HTTP/1.1" 400 181 "-" "-"
198.52.119.97 - - [14/Jun/2016:21:33:00 +0800] "CONNECT l.yimg.com:80 HTTP/1.1" 400 181 "-" "-"
114.43.4.1 - - [14/Jun/2016:21:37:19 +0800] "CONNECT smtp.mail.yahoo.com:25 HTTP/1.0" 400 181 "-" "-"
114.43.4.1 - - [14/Jun/2016:21:39:58 +0800] "CONNECT smtp.mail.yahoo.com:25 HTTP/1.0" 400 181 "-" "-"
114.43.4.1 - - [14/Jun/2016:21:45:34 +0800] "CONNECT smtp.mail.yahoo.com:25 HTTP/1.0" 400 181 "-" "-"
114.43.4.1 - - [14/Jun/2016:21:57:40 +0800] "CONNECT smtp.mail.yahoo.com:25 HTTP/1.0" 400 181 "-" "-"
23.251.51.125 - - [14/Jun/2016:22:00:35 +0800] "GET http://www.proxy-listen.de/azenv.php HTTP/1.0" 404 14 "-" "Mozilla/5.0 (compatible; MSIE 6.0; Windows NT 5.1; Trident/5.0)"
23.251.51.125 - - [14/Jun/2016:22:00:37 +0800] "CONNECT www.baidu.com:443 HTTP/1.0" 400 181 "-" "-"
115.159.2.233 - - [14/Jun/2016:22:11:11 +0800] "GET http://szwindoor.com/test/check_proxy.php HTTP/1.1" 404 14 "-" "Java/1.7.0_65"
198.74.98.247 - - [14/Jun/2016:22:39:41 +0800] "CONNECT s.yimg.com:443 HTTP/1.1" 400 181 "-" "-"
198.74.98.247 - - [14/Jun/2016:22:39:41 +0800] "CONNECT s.yimg.com:443 HTTP/1.1" 400 181 "-" "-"
198.74.98.247 - - [14/Jun/2016:22:39:42 +0800] "CONNECT l.yimg.com:80 HTTP/1.1" 400 181 "-" "-"
114.43.4.1 - - [14/Jun/2016:22:44:04 +0800] "CONNECT smtp.mail.yahoo.com:25 HTTP/1.0" 400 181 "-" "-"
114.43.4.1 - - [14/Jun/2016:22:46:52 +0800] "CONNECT smtp.mail.yahoo.com:25 HTTP/1.0" 400 181 "-" "-"
23.251.51.125 - - [14/Jun/2016:23:19:21 +0800] "GET http://proxyjudge.us/ HTTP/1.0" 404 14 "-" "Mozilla/5.0 (compatible; MSIE 6.0; Windows NT 5.1; Trident/5.0)"
23.251.51.125 - - [14/Jun/2016:23:19:22 +0800] "CONNECT www.baidu.com:443 HTTP/1.0" 400 181 "-" "-"
123.151.43.65 - - [14/Jun/2016:23:23:41 +0800] "\x16\x03\x01\x00\xAE\x01\x00\x00\xAA\x03\x01W` ~\x9F\xFF\xA0\xA7\xCAE\xDB\x99\xA6\xCA\xD3!JZ\x82L\xF5(\xDC\xBC\x8D\xBF\x83n\x17\xA5\xFF\xDE\x00\x00L\xC0\x14\xC0" 400 181 "-" "-"
123.151.43.65 - - [14/Jun/2016:23:23:41 +0800] "\x16\x03\x01\x00\xAE\x01\x00\x00\xAA\x03\x01W` \x7F\x0E\xCD\x05\xF0M\xB6\x02W\xCF\xF6\xA4v!f9\x83\x1FgH\xB8\xAFX\xDA*\xF4q\xE9\x8B\x00\x00L\xC0\x14\xC0" 400 181 "-" "-"
115.230.124.164 - - [14/Jun/2016:23:38:07 +0800] "GET http://zc.qq.com/cgi-bin/common/attr?id=260714&r=0.5730673429136824 HTTP/1.1" 404 14 "-" "Mozilla/5.0 (compatible; MSIE 9.0; Windows NT 6.1; Trident/5.0; 360SE)"
198.52.119.97 - - [14/Jun/2016:23:57:11 +0800] "CONNECT s.yimg.com:443 HTTP/1.1" 400 181 "-" "-"
198.52.119.97 - - [14/Jun/2016:23:57:11 +0800] "CONNECT s.yimg.com:443 HTTP/1.1" 400 181 "-" "-"
198.52.119.97 - - [14/Jun/2016:23:57:11 +0800] "CONNECT l.yimg.com:80 HTTP/1.1" 400 181 "-" "-"
23.251.51.125 - - [15/Jun/2016:00:13:02 +0800] "GET http://www.proxy-listen.de/azenv.php HTTP/1.0" 404 14 "-" "Mozilla/5.0 (compatible; MSIE 6.0; Windows NT 5.1; Trident/5.0)"
23.251.51.125 - - [15/Jun/2016:00:13:03 +0800] "CONNECT www.baidu.com:443 HTTP/1.0" 400 181 "-" "-"
80.82.78.38 - - [15/Jun/2016:00:48:59 +0800] "GET http://www.baidu.com/cache/global/img/gs.gif HTTP/1.1" 404 14 "-" "Mozilla"
198.52.119.97 - - [15/Jun/2016:00:49:02 +0800] "CONNECT s.yimg.com:443 HTTP/1.1" 400 181 "-" "-"
198.52.119.97 - - [15/Jun/2016:00:49:02 +0800] "CONNECT s.yimg.com:443 HTTP/1.1" 400 181 "-" "-"
198.52.119.97 - - [15/Jun/2016:00:49:02 +0800] "CONNECT l.yimg.com:80 HTTP/1.1" 400 181 "-" "-"
103.240.16.119 - - [15/Jun/2016:00:49:41 +0800] "GET http://www.example.com/ HTTP/1.1" 404 14 "-" "Mozilla/5.0 (Windows NT 6.1)"
198.74.98.247 - - [15/Jun/2016:01:52:37 +0800] "CONNECT s.yimg.com:443 HTTP/1.1" 400 181 "-" "-"
198.74.98.247 - - [15/Jun/2016:01:52:38 +0800] "CONNECT s.yimg.com:443 HTTP/1.1" 400 181 "-" "-"
198.74.98.247 - - [15/Jun/2016:01:52:38 +0800] "CONNECT l.yimg.com:80 HTTP/1.1" 400 181 "-" "-"
23.251.51.125 - - [15/Jun/2016:02:33:00 +0800] "GET http://www.proxy-listen.de/azenv.php HTTP/1.0" 404 14 "-" "Mozilla/5.0 (compatible; MSIE 6.0; Windows NT 5.1; Trident/5.0)"
23.251.51.125 - - [15/Jun/2016:02:33:00 +0800] "CONNECT www.baidu.com:443 HTTP/1.0" 400 181 "-" "-"
198.52.119.97 - - [15/Jun/2016:03:10:01 +0800] "CONNECT s.yimg.com:443 HTTP/1.1" 400 181 "-" "-"
198.52.119.97 - - [15/Jun/2016:03:10:01 +0800] "CONNECT s.yimg.com:443 HTTP/1.1" 400 181 "-" "-"
198.52.119.97 - - [15/Jun/2016:03:10:01 +0800] "CONNECT l.yimg.com:80 HTTP/1.1" 400 181 "-" "-"
213.246.45.128 - - [15/Jun/2016:03:16:34 +0800] "GET http://www.baidu.com/cache/global/img/gs.gif HTTP/1.1" 404 14 "-" "Mozilla"
61.160.195.222 - - [15/Jun/2016:03:21:04 +0800] "GET http://119.90.40.16:8090/ HTTP/1.1" 404 14 "-" "Mozilla/5.0 (Windows; U; Windows NT 5.1; zh-CN; rv:1.9.1.16) Gecko/20101130 Firefox/3.5.16"
119.167.227.55 - - [15/Jun/2016:03:24:06 +0800] "GET /manager/html HTTP/1.1" 404 14 "-" "Mozilla/3.0 (compatible; Indy Library)"
60.176.126.101 - - [15/Jun/2016:03:29:41 +0800] "GET / HTTP/1.1" 404 14 "-" "Mozilla/5.0 (Macintosh; Intel Mac OS X 10.11; rv:47.0) Gecko/20100101 Firefox/47.0"
60.176.126.101 - - [15/Jun/2016:03:29:42 +0800] "GET / HTTP/1.1" 404 14 "-" "Mozilla/5.0 (Macintosh; Intel Mac OS X 10.11; rv:47.0) Gecko/20100101 Firefox/47.0"
23.251.51.125 - - [15/Jun/2016:03:45:10 +0800] "GET http://www.proxyjudge.info/azenv.php HTTP/1.0" 404 14 "-" "Mozilla/5.0 (compatible; MSIE 6.0; Windows NT 5.1; Trident/5.0)"
23.251.51.125 - - [15/Jun/2016:03:45:11 +0800] "CONNECT www.alipay.com:443 HTTP/1.0" 400 181 "-" "-"
101.226.103.146 - - [15/Jun/2016:03:49:03 +0800] "GET / HTTP/1.1" 404 14 "-" "libwww-perl/6.04"
101.226.103.146 - - [15/Jun/2016:03:49:03 +0800] "GET / HTTP/1.1" 404 14 "-" "libwww-perl/6.04"
101.226.103.146 - - [15/Jun/2016:03:49:03 +0800] "GET / HTTP/1.1" 404 14 "-" "libwww-perl/6.04"
198.52.119.97 - - [15/Jun/2016:04:01:26 +0800] "CONNECT s.yimg.com:443 HTTP/1.1" 400 181 "-" "-"
198.52.119.97 - - [15/Jun/2016:04:01:26 +0800] "CONNECT s.yimg.com:443 HTTP/1.1" 400 181 "-" "-"
198.52.119.97 - - [15/Jun/2016:04:01:27 +0800] "CONNECT l.yimg.com:80 HTTP/1.1" 400 181 "-" "-"
115.230.124.164 - - [15/Jun/2016:04:35:28 +0800] "GET http://zc.qq.com/cgi-bin/common/attr?id=260714&r=0.7411703511642632 HTTP/1.1" 404 14 "-" "Mozilla/5.0 (compatible; MSIE 9.0; Windows NT 6.1; Trident/5.0; 360SE)"
80.82.78.38 - - [15/Jun/2016:04:47:59 +0800] "GET http://www.baidu.com/cache/global/img/gs.gif HTTP/1.1" 404 14 "-" "Mozilla"
198.74.98.247 - - [15/Jun/2016:05:15:28 +0800] "CONNECT s.yimg.com:443 HTTP/1.1" 400 181 "-" "-"
198.74.98.247 - - [15/Jun/2016:05:15:29 +0800] "CONNECT s.yimg.com:443 HTTP/1.1" 400 181 "-" "-"
198.74.98.247 - - [15/Jun/2016:05:15:29 +0800] "CONNECT l.yimg.com:80 HTTP/1.1" 400 181 "-" "-"
23.251.51.125 - - [15/Jun/2016:05:54:52 +0800] "GET http://fr.cyberpods.net/ HTTP/1.0" 404 14 "-" "Mozilla/5.0 (compatible; MSIE 6.0; Windows NT 5.1; Trident/5.0)"
23.251.51.125 - - [15/Jun/2016:05:54:54 +0800] "CONNECT www.baidu.com:443 HTTP/1.0" 400 181 "-" "-"
80.82.70.24 - - [15/Jun/2016:05:55:41 +0800] "\x00" 400 181 "-" "-"
80.82.70.24 - - [15/Jun/2016:05:55:42 +0800] "GET http://httpheader.net HTTP/1.1" 404 14 "-" "Mozilla/5.0 (Windows; U; Windows NT 6.1; en-US; rv:1.9.2.28) Gecko/20120306 Firefox/3.6.28 (.NET CLR 3.5.30729)"
80.82.70.24 - - [15/Jun/2016:05:55:45 +0800] "\x04\x01\x00P\xC0c\xF660\x00" 400 181 "-" "-"
80.82.70.24 - - [15/Jun/2016:05:55:46 +0800] "\x04\x01\x00P\xC0c\xF660\x00" 400 181 "-" "-"
80.82.70.24 - - [15/Jun/2016:05:55:46 +0800] "\x05\x01\x00" 400 181 "-" "-"
117.14.157.248 - - [15/Jun/2016:05:56:41 +0800] "\x05\x01\x00" 400 181 "-" "-"
198.52.119.97 - - [15/Jun/2016:06:25:40 +0800] "CONNECT s.yimg.com:443 HTTP/1.1" 400 181 "-" "-"
198.52.119.97 - - [15/Jun/2016:06:25:41 +0800] "CONNECT s.yimg.com:443 HTTP/1.1" 400 181 "-" "-"
198.52.119.97 - - [15/Jun/2016:06:25:41 +0800] "CONNECT l.yimg.com:80 HTTP/1.1" 400 181 "-" "-"
123.151.43.65 - - [15/Jun/2016:06:48:19 +0800] "\x16\x03\x01\x00\xAE\x01\x00\x00\xAA\x03\x01W`\x88\xB4Mu\xB9Id\x15r\x17\xD1\xEB\xDAV5\xA9\x9C\x1A]\xAA1\xA7Nh\xBC\x85^\xD7dW\x00\x00L\xC0\x14\xC0" 400 181 "-" "-"
123.151.43.65 - - [15/Jun/2016:06:48:19 +0800] "\x16\x03\x01\x00\xAE\x01\x00\x00\xAA\x03\x01W`\x88\xB4\xBD\xF7|\xEC\xB9\xF8N9\x8B\x98\x00\x1C\xFBD\xC7X\xAD\xEE\xD3c\x8Df8Y\x09h]\xA5\x00\x00L\xC0\x14\xC0" 400 181 "-" "-"
115.230.124.164 - - [15/Jun/2016:07:04:12 +0800] "GET http://zc.qq.com/cgi-bin/common/attr?id=260714&r=0.6683564660602252 HTTP/1.1" 404 14 "-" "Mozilla/5.0 (compatible; MSIE 9.0; Windows NT 6.1; Trident/5.0; 360SE)"
115.230.124.164 - - [15/Jun/2016:07:04:18 +0800] "GET http://zc.qq.com/cgi-bin/common/attr?id=260714&r=0.7858743129472939 HTTP/1.1" 404 14 "-" "Mozilla/5.0 (compatible; MSIE 9.0; Windows NT 6.1; Trident/5.0; 360SE)"
23.251.51.125 - - [15/Jun/2016:07:04:24 +0800] "GET http://domkrim.com/av.php HTTP/1.0" 404 14 "-" "Mozilla/5.0 (compatible; MSIE 6.0; Windows NT 5.1; Trident/5.0)"
23.251.51.125 - - [15/Jun/2016:07:04:25 +0800] "CONNECT www.baidu.com:443 HTTP/1.0" 400 181 "-" "-"
198.52.119.97 - - [15/Jun/2016:07:17:07 +0800] "CONNECT s.yimg.com:443 HTTP/1.1" 400 181 "-" "-"
198.52.119.97 - - [15/Jun/2016:07:17:07 +0800] "CONNECT s.yimg.com:443 HTTP/1.1" 400 181 "-" "-"
198.52.119.97 - - [15/Jun/2016:07:17:07 +0800] "CONNECT l.yimg.com:80 HTTP/1.1" 400 181 "-" "-"
106.185.47.161 - - [15/Jun/2016:07:38:54 +0800] "GET http://www.baidu.com/cache/global/img/gs.gif HTTP/1.1" 404 14 "-" "Mozilla"
23.251.51.125 - - [15/Jun/2016:08:20:48 +0800] "GET http://www.sbjudge1.com/azenv.php HTTP/1.0" 404 14 "-" "Mozilla/5.0 (compatible; MSIE 6.0; Windows NT 5.1; Trident/5.0)"
23.251.51.125 - - [15/Jun/2016:08:20:50 +0800] "CONNECT www.alipay.com:443 HTTP/1.0" 400 181 "-" "-"
198.74.98.247 - - [15/Jun/2016:08:27:13 +0800] "CONNECT s.yimg.com:443 HTTP/1.1" 400 181 "-" "-"
198.74.98.247 - - [15/Jun/2016:08:27:13 +0800] "CONNECT s.yimg.com:443 HTTP/1.1" 400 181 "-" "-"
198.74.98.247 - - [15/Jun/2016:08:27:13 +0800] "CONNECT l.yimg.com:80 HTTP/1.1" 400 181 "-" "-"
123.151.43.65 - - [15/Jun/2016:08:40:06 +0800] "GET / HTTP/1.1" 404 14 "-" "Scrapy/1.0.4 (+http://scrapy.org)"
80.82.78.38 - - [15/Jun/2016:08:47:22 +0800] "GET http://www.baidu.com/cache/global/img/gs.gif HTTP/1.1" 404 14 "-" "Mozilla"
61.151.186.141 - - [15/Jun/2016:09:02:38 +0800] "GET / HTTP/1.0" 404 14 "-" "-"
115.230.124.164 - - [15/Jun/2016:09:32:37 +0800] "GET http://zc.qq.com/cgi-bin/common/attr?id=260714&r=0.7255277100081125 HTTP/1.1" 404 14 "-" "Mozilla/5.0 (compatible; MSIE 9.0; Windows NT 6.1; Trident/5.0; 360SE)"
198.52.119.97 - - [15/Jun/2016:09:40:21 +0800] "CONNECT s.yimg.com:443 HTTP/1.1" 400 181 "-" "-"
198.52.119.97 - - [15/Jun/2016:09:40:21 +0800] "CONNECT s.yimg.com:443 HTTP/1.1" 400 181 "-" "-"
198.52.119.97 - - [15/Jun/2016:09:40:21 +0800] "CONNECT l.yimg.com:80 HTTP/1.1" 400 181 "-" "-"
23.251.51.125 - - [15/Jun/2016:09:47:52 +0800] "GET http://www.sbjudge1.com/azenv.php HTTP/1.0" 404 14 "-" "Mozilla/5.0 (compatible; MSIE 6.0; Windows NT 5.1; Trident/5.0)"
23.251.51.125 - - [15/Jun/2016:09:47:56 +0800] "CONNECT www.baidu.com:443 HTTP/1.0" 400 181 "-" "-"
213.246.45.128 - - [15/Jun/2016:09:48:01 +0800] "GET http://www.baidu.com/cache/global/img/gs.gif HTTP/1.1" 404 14 "-" "Mozilla"
183.60.15.116 - - [15/Jun/2016:09:57:12 +0800] "GET / HTTP/1.0" 404 14 "-" "-"
109.234.39.208 - - [15/Jun/2016:10:07:22 +0800] "GET / HTTP/1.0" 404 14 "-" "Mozilla/5.0"
198.52.119.97 - - [15/Jun/2016:10:38:42 +0800] "CONNECT s.yimg.com:443 HTTP/1.1" 400 181 "-" "-"
198.52.119.97 - - [15/Jun/2016:10:38:43 +0800] "CONNECT s.yimg.com:443 HTTP/1.1" 400 181 "-" "-"
198.52.119.97 - - [15/Jun/2016:10:38:43 +0800] "CONNECT l.yimg.com:80 HTTP/1.1" 400 181 "-" "-"
101.226.103.146 - - [15/Jun/2016:10:52:03 +0800] "\x16\x03\x02\x00\xDC\x01\x00\x00\xD8\x03\x02SC[\x90\x9D\x9Br\x0B\xBC\x0C\xBC+\x92\xA8H\x97\xCF\xBD9\x04\xCC\x16" 400 181 "-" "-"
23.251.51.125 - - [15/Jun/2016:11:01:44 +0800] "GET http://domkrim.com/av.php HTTP/1.0" 404 14 "-" "Mozilla/5.0 (compatible; MSIE 6.0; Windows NT 5.1; Trident/5.0)"
23.251.51.125 - - [15/Jun/2016:11:01:45 +0800] "CONNECT www.baidu.com:443 HTTP/1.0" 400 181 "-" "-"
114.43.4.1 - - [15/Jun/2016:11:09:56 +0800] "CONNECT smtp.mail.yahoo.com:25 HTTP/1.0" 400 181 "-" "-"
114.43.4.1 - - [15/Jun/2016:11:40:41 +0800] "CONNECT smtp.mail.yahoo.com:25 HTTP/1.0" 400 181 "-" "-"
80.82.70.24 - - [15/Jun/2016:11:47:44 +0800] "\x00" 400 181 "-" "-"
80.82.70.24 - - [15/Jun/2016:11:47:45 +0800] "GET http://httpheader.net HTTP/1.1" 404 14 "-" "Mozilla/5.0 (Windows; U; Windows NT 6.1; en-US; rv:1.9.2.28) Gecko/20120306 Firefox/3.6.28 (.NET CLR 3.5.30729)"
80.82.70.24 - - [15/Jun/2016:11:47:47 +0800] "\x04\x01\x00P\xC0c\xF660\x00" 400 181 "-" "-"
80.82.70.24 - - [15/Jun/2016:11:47:47 +0800] "\x04\x01\x00P\xC0c\xF660\x00" 400 181 "-" "-"
80.82.70.24 - - [15/Jun/2016:11:47:48 +0800] "\x05\x01\x00" 400 181 "-" "-"
114.43.4.1 - - [15/Jun/2016:11:53:02 +0800] "CONNECT smtp.mail.yahoo.com:25 HTTP/1.0" 400 181 "-" "-"
198.74.98.247 - - [15/Jun/2016:11:55:09 +0800] "CONNECT s.yimg.com:443 HTTP/1.1" 400 181 "-" "-"
198.74.98.247 - - [15/Jun/2016:11:55:09 +0800] "CONNECT s.yimg.com:443 HTTP/1.1" 400 181 "-" "-"
198.74.98.247 - - [15/Jun/2016:11:55:10 +0800] "CONNECT l.yimg.com:80 HTTP/1.1" 400 181 "-" "-"
115.230.124.164 - - [15/Jun/2016:12:00:51 +0800] "GET http://zc.qq.com/cgi-bin/common/attr?id=260714&r=0.6982407386023603 HTTP/1.1" 404 14 "-" "Mozilla/5.0 (compatible; MSIE 9.0; Windows NT 6.1; Trident/5.0; 360SE)"
114.43.4.1 - - [15/Jun/2016:12:01:24 +0800] "CONNECT smtp.mail.yahoo.com:25 HTTP/1.0" 400 181 "-" "-"
114.43.4.1 - - [15/Jun/2016:12:02:30 +0800] "CONNECT smtp.mail.yahoo.com:25 HTTP/1.0" 400 181 "-" "-"
114.43.4.1 - - [15/Jun/2016:12:09:09 +0800] "CONNECT smtp.mail.yahoo.com:25 HTTP/1.0" 400 181 "-" "-"
114.43.4.1 - - [15/Jun/2016:12:10:06 +0800] "CONNECT smtp.mail.yahoo.com:25 HTTP/1.0" 400 181 "-" "-"
114.43.4.1 - - [15/Jun/2016:12:11:16 +0800] "CONNECT smtp.mail.yahoo.com:25 HTTP/1.0" 400 181 "-" "-"
114.43.4.1 - - [15/Jun/2016:12:23:31 +0800] "CONNECT smtp.mail.yahoo.com:25 HTTP/1.0" 400 181 "-" "-"
114.43.4.1 - - [15/Jun/2016:12:35:02 +0800] "CONNECT smtp.mail.yahoo.com:25 HTTP/1.0" 400 181 "-" "-"
114.43.4.1 - - [15/Jun/2016:12:49:35 +0800] "CONNECT smtp.mail.yahoo.com:25 HTTP/1.0" 400 181 "-" "-"
80.82.78.38 - - [15/Jun/2016:12:51:39 +0800] "GET http://www.baidu.com/cache/global/img/gs.gif HTTP/1.1" 404 14 "-" "Mozilla"
114.43.4.1 - - [15/Jun/2016:12:54:14 +0800] "CONNECT smtp.mail.yahoo.com:25 HTTP/1.0" 400 181 "-" "-"
114.43.4.1 - - [15/Jun/2016:12:57:57 +0800] "CONNECT smtp.mail.yahoo.com:25 HTTP/1.0" 400 181 "-" "-"
114.43.4.1 - - [15/Jun/2016:12:59:09 +0800] "CONNECT smtp.mail.yahoo.com:25 HTTP/1.0" 400 181 "-" "-"
114.43.4.1 - - [15/Jun/2016:13:06:02 +0800] "CONNECT smtp.mail.yahoo.com:25 HTTP/1.0" 400 181 "-" "-"
114.43.4.1 - - [15/Jun/2016:13:08:43 +0800] "CONNECT smtp.mail.yahoo.com:25 HTTP/1.0" 400 181 "-" "-"
114.43.4.1 - - [15/Jun/2016:13:19:26 +0800] "CONNECT smtp.mail.yahoo.com:25 HTTP/1.0" 400 181 "-" "-"
114.43.4.1 - - [15/Jun/2016:13:27:55 +0800] "CONNECT smtp.mail.yahoo.com:25 HTTP/1.0" 400 181 "-" "-"
114.43.4.1 - - [15/Jun/2016:13:30:25 +0800] "CONNECT smtp.mail.yahoo.com:25 HTTP/1.0" 400 181 "-" "-"
101.226.103.146 - - [15/Jun/2016:13:31:24 +0800] "\x16\x03\x00\x03\x0C\x01\x00\x03\x08\x03\x00SHs\xF0|\xCA\xC1\xD9\x02\x04\xF2\x1D-I\xF5\x12\xBF@\x1B\x94\xD9\x93\xE4\xC4\xF4\xF0\xD0B\xCDD\xA2Y\x00\x02\x96\x00\x00\x00\x01\x00\x02\x00\x03\x00\x04\x00\x05\x00\x06\x00\x07\x00\x08\x00\x09\x00" 400 181 "-" "-"
101.226.103.146 - - [15/Jun/2016:13:31:24 +0800] "\x16\x03\x01\x03\x0C\x01\x00\x03\x08\x03\x01SHs\xF0|\xCA\xC1\xD9\x02\x04\xF2\x1D-I\xF5\x12\xBF@\x1B\x94\xD9\x93\xE4\xC4\xF4\xF0\xD0B\xCDD\xA2Y\x00\x02\x96\x00\x00\x00\x01\x00\x02\x00\x03\x00\x04\x00\x05\x00\x06\x00\x07\x00\x08\x00\x09\x00" 400 181 "-" "-"
101.226.103.146 - - [15/Jun/2016:13:31:24 +0800] "\x16\x03\x02\x03\x0C\x01\x00\x03\x08\x03\x02SHs\xF0|\xCA\xC1\xD9\x02\x04\xF2\x1D-I\xF5\x12\xBF@\x1B\x94\xD9\x93\xE4\xC4\xF4\xF0\xD0B\xCDD\xA2Y\x00\x02\x96\x00\x00\x00\x01\x00\x02\x00\x03\x00\x04\x00\x05\x00\x06\x00\x07\x00\x08\x00\x09\x00" 400 181 "-" "-"
101.226.103.146 - - [15/Jun/2016:13:31:24 +0800] "\x16\x03\x03\x03\x0C\x01\x00\x03\x08\x03\x03SHs\xF0|\xCA\xC1\xD9\x02\x04\xF2\x1D-I\xF5\x12\xBF@\x1B\x94\xD9\x93\xE4\xC4\xF4\xF0\xD0B\xCDD\xA2Y\x00\x02\x96\x00\x00\x00\x01\x00\x02\x00\x03\x00\x04\x00\x05\x00\x06\x00\x07\x00\x08\x00\x09\x00" 400 181 "-" "-"
223.97.237.204 - - [15/Jun/2016:13:36:57 +0800] "GET /phpmyadmin HTTP/1.1" 404 14 "http://115.159.219.141/phpmyadmin" "Mozilla/4.0 (compatible; MSIE 9.0; Windows NT 6.1)"
114.43.4.1 - - [15/Jun/2016:13:41:32 +0800] "CONNECT smtp.mail.yahoo.com:25 HTTP/1.0" 400 181 "-" "-"
114.43.4.1 - - [15/Jun/2016:13:43:25 +0800] "CONNECT smtp.mail.yahoo.com:25 HTTP/1.0" 400 181 "-" "-"
114.43.4.1 - - [15/Jun/2016:13:45:15 +0800] "CONNECT smtp.mail.yahoo.com:25 HTTP/1.0" 400 181 "-" "-"
114.43.4.1 - - [15/Jun/2016:13:46:21 +0800] "CONNECT smtp.mail.yahoo.com:25 HTTP/1.0" 400 181 "-" "-"
114.43.4.1 - - [15/Jun/2016:13:58:21 +0800] "CONNECT smtp.mail.yahoo.com:25 HTTP/1.0" 400 181 "-" "-"
198.52.119.97 - - [15/Jun/2016:14:00:40 +0800] "CONNECT s.yimg.com:443 HTTP/1.1" 400 181 "-" "-"
198.52.119.97 - - [15/Jun/2016:14:00:40 +0800] "CONNECT s.yimg.com:443 HTTP/1.1" 400 181 "-" "-"
198.52.119.97 - - [15/Jun/2016:14:00:40 +0800] "CONNECT l.yimg.com:80 HTTP/1.1" 400 181 "-" "-"
114.43.4.1 - - [15/Jun/2016:14:01:08 +0800] "CONNECT smtp.mail.yahoo.com:25 HTTP/1.0" 400 181 "-" "-"
114.43.4.1 - - [15/Jun/2016:14:08:39 +0800] "CONNECT smtp.mail.yahoo.com:25 HTTP/1.0" 400 181 "-" "-"
114.43.4.1 - - [15/Jun/2016:14:10:42 +0800] "CONNECT smtp.mail.yahoo.com:25 HTTP/1.0" 400 181 "-" "-"
114.43.4.1 - - [15/Jun/2016:14:14:03 +0800] "CONNECT smtp.mail.yahoo.com:25 HTTP/1.0" 400 181 "-" "-"
114.43.4.1 - - [15/Jun/2016:14:18:03 +0800] "CONNECT smtp.mail.yahoo.com:25 HTTP/1.0" 400 181 "-" "-"
114.43.4.1 - - [15/Jun/2016:14:23:16 +0800] "CONNECT smtp.mail.yahoo.com:25 HTTP/1.0" 400 181 "-" "-"
114.43.4.1 - - [15/Jun/2016:14:27:03 +0800] "CONNECT smtp.mail.yahoo.com:25 HTTP/1.0" 400 181 "-" "-"
