114.43.4.1 - - [15/Jun/2016:14:29:04 +0800] "CONNECT smtp.mail.yahoo.com:25 HTTP/1.0" 400 181 "-" "-"
115.230.124.164 - - [15/Jun/2016:14:29:16 +0800] "GET http://zc.qq.com/cgi-bin/common/attr?id=260714&r=0.2888555722467819 HTTP/1.1" 404 14 "-" "Mozilla/5.0 (compatible; MSIE 9.0; Windows NT 6.1; Trident/5.0; 360SE)"
114.43.4.1 - - [15/Jun/2016:14:35:18 +0800] "CONNECT smtp.mail.yahoo.com:25 HTTP/1.0" 400 181 "-" "-"
23.251.51.125 - - [15/Jun/2016:14:43:53 +0800] "GET http://fr.cyberpods.net/ HTTP/1.0" 404 14 "-" "Mozilla/5.0 (compatible; MSIE 6.0; Windows NT 5.1; Trident/5.0)"
23.251.51.125 - - [15/Jun/2016:14:43:56 +0800] "CONNECT www.baidu.com:443 HTTP/1.0" 400 181 "-" "-"
114.43.4.1 - - [15/Jun/2016:14:47:04 +0800] "CONNECT smtp.mail.yahoo.com:25 HTTP/1.0" 400 181 "-" "-"
114.43.4.1 - - [15/Jun/2016:14:51:15 +0800] "CONNECT smtp.mail.yahoo.com:25 HTTP/1.0" 400 181 "-" "-"
114.43.4.1 - - [15/Jun/2016:14:51:35 +0800] "CONNECT smtp.mail.yahoo.com:25 HTTP/1.0" 400 181 "-" "-"
114.43.4.1 - - [15/Jun/2016:14:54:54 +0800] "CONNECT smtp.mail.yahoo.com:25 HTTP/1.0" 400 181 "-" "-"
114.43.4.1 - - [15/Jun/2016:14:56:23 +0800] "CONNECT smtp.mail.yahoo.com:25 HTTP/1.0" 400 181 "-" "-"
114.43.4.1 - - [15/Jun/2016:15:01:59 +0800] "CONNECT smtp.mail.yahoo.com:25 HTTP/1.0" 400 181 "-" "-"
114.43.4.1 - - [15/Jun/2016:15:02:40 +0800] "CONNECT smtp.mail.yahoo.com:25 HTTP/1.0" 400 181 "-" "-"
114.43.4.1 - - [15/Jun/2016:15:06:38 +0800] "CONNECT smtp.mail.yahoo.com:25 HTTP/1.0" 400 181 "-" "-"
198.74.98.247 - - [15/Jun/2016:15:08:21 +0800] "CONNECT s.yimg.com:443 HTTP/1.1" 400 181 "-" "-"
198.74.98.247 - - [15/Jun/2016:15:08:22 +0800] "CONNECT s.yimg.com:443 HTTP/1.1" 400 181 "-" "-"
198.74.98.247 - - [15/Jun/2016:15:08:22 +0800] "CONNECT l.yimg.com:80 HTTP/1.1" 400 181 "-" "-"
114.43.4.1 - - [15/Jun/2016:15:17:48 +0800] "CONNECT smtp.mail.yahoo.com:25 HTTP/1.0" 400 181 "-" "-"
23.251.51.125 - - [15/Jun/2016:15:22:11 +0800] "GET http://www.luisaranguren.com/azenv.php HTTP/1.0" 404 14 "-" "Mozilla/5.0 (compatible; MSIE 6.0; Windows NT 5.1; Trident/5.0)"
23.251.51.125 - - [15/Jun/2016:15:22:12 +0800] "CONNECT www.baidu.com:443 HTTP/1.0" 400 181 "-" "-"
114.43.4.1 - - [15/Jun/2016:15:26:16 +0800] "CONNECT smtp.mail.yahoo.com:25 HTTP/1.0" 400 181 "-" "-"
114.43.4.1 - - [15/Jun/2016:15:30:56 +0800] "CONNECT smtp.mail.yahoo.com:25 HTTP/1.0" 400 181 "-" "-"
114.43.4.1 - - [15/Jun/2016:15:35:37 +0800] "CONNECT smtp.mail.yahoo.com:25 HTTP/1.0" 400 181 "-" "-"
114.43.4.1 - - [15/Jun/2016:15:37:18 +0800] "CONNECT smtp.mail.yahoo.com:25 HTTP/1.0" 400 181 "-" "-"
114.43.4.1 - - [15/Jun/2016:15:42:39 +0800] "CONNECT smtp.mail.yahoo.com:25 HTTP/1.0" 400 181 "-" "-"
114.43.4.1 - - [15/Jun/2016:15:44:50 +0800] "CONNECT smtp.mail.yahoo.com:25 HTTP/1.0" 400 181 "-" "-"
114.43.4.1 - - [15/Jun/2016:15:46:18 +0800] "CONNECT smtp.mail.yahoo.com:25 HTTP/1.0" 400 181 "-" "-"
213.246.45.128 - - [15/Jun/2016:16:10:56 +0800] "GET http://www.baidu.com/cache/global/img/gs.gif HTTP/1.1" 404 14 "-" "Mozilla"
114.43.4.1 - - [15/Jun/2016:16:17:29 +0800] "CONNECT smtp.mail.yahoo.com:25 HTTP/1.0" 400 181 "-" "-"
114.43.4.1 - - [15/Jun/2016:16:23:42 +0800] "CONNECT smtp.mail.yahoo.com:25 HTTP/1.0" 400 181 "-" "-"
114.43.4.1 - - [15/Jun/2016:16:26:09 +0800] "CONNECT smtp.mail.yahoo.com:25 HTTP/1.0" 400 181 "-" "-"
198.74.98.247 - - [15/Jun/2016:16:26:25 +0800] "CONNECT s.yimg.com:443 HTTP/1.1" 400 181 "-" "-"
198.74.98.247 - - [15/Jun/2016:16:26:26 +0800] "CONNECT s.yimg.com:443 HTTP/1.1" 400 181 "-" "-"
198.74.98.247 - - [15/Jun/2016:16:26:26 +0800] "CONNECT l.yimg.com:80 HTTP/1.1" 400 181 "-" "-"
114.43.4.1 - - [15/Jun/2016:16:29:26 +0800] "CONNECT smtp.mail.yahoo.com:25 HTTP/1.0" 400 181 "-" "-"
114.43.4.1 - - [15/Jun/2016:16:29:57 +0800] "CONNECT smtp.mail.yahoo.com:25 HTTP/1.0" 400 181 "-" "-"
23.251.51.125 - - [15/Jun/2016:16:31:12 +0800] "GET http://www.sbjudge1.com/azenv.php HTTP/1.0" 404 14 "-" "Mozilla/5.0 (compatible; MSIE 6.0; Windows NT 5.1; Trident/5.0)"
23.251.51.125 - - [15/Jun/2016:16:31:12 +0800] "CONNECT www.baidu.com:443 HTTP/1.0" 400 181 "-" "-"
80.82.78.38 - - [15/Jun/2016:16:53:18 +0800] "GET http://www.baidu.com/cache/global/img/gs.gif HTTP/1.1" 404 14 "-" "Mozilla"
115.230.124.164 - - [15/Jun/2016:16:57:25 +0800] "GET http://zc.qq.com/cgi-bin/common/attr?id=260714&r=0.7981435161525625 HTTP/1.1" 404 14 "-" "Mozilla/5.0 (compatible; MSIE 9.0; Windows NT 6.1; Trident/5.0; 360SE)"
114.43.4.1 - - [15/Jun/2016:16:59:28 +0800] "CONNECT smtp.mail.yahoo.com:25 HTTP/1.0" 400 181 "-" "-"
114.43.4.1 - - [15/Jun/2016:17:02:12 +0800] "CONNECT smtp.mail.yahoo.com:25 HTTP/1.0" 400 181 "-" "-"
114.43.4.1 - - [15/Jun/2016:17:08:10 +0800] "CONNECT smtp.mail.yahoo.com:25 HTTP/1.0" 400 181 "-" "-"
114.43.4.1 - - [15/Jun/2016:17:11:49 +0800] "CONNECT smtp.mail.yahoo.com:25 HTTP/1.0" 400 181 "-" "-"
114.43.4.1 - - [15/Jun/2016:17:15:00 +0800] "CONNECT smtp.mail.yahoo.com:25 HTTP/1.0" 400 181 "-" "-"
114.43.4.1 - - [15/Jun/2016:17:17:34 +0800] "CONNECT smtp.mail.yahoo.com:25 HTTP/1.0" 400 181 "-" "-"
114.43.4.1 - - [15/Jun/2016:17:18:34 +0800] "CONNECT smtp.mail.yahoo.com:25 HTTP/1.0" 400 181 "-" "-"
114.43.4.1 - - [15/Jun/2016:17:25:12 +0800] "CONNECT smtp.mail.yahoo.com:25 HTTP/1.0" 400 181 "-" "-"
114.43.4.1 - - [15/Jun/2016:17:26:46 +0800] "CONNECT smtp.mail.yahoo.com:25 HTTP/1.0" 400 181 "-" "-"
114.43.4.1 - - [15/Jun/2016:17:30:37 +0800] "CONNECT smtp.mail.yahoo.com:25 HTTP/1.0" 400 181 "-" "-"
198.52.119.97 - - [15/Jun/2016:17:31:25 +0800] "CONNECT s.yimg.com:443 HTTP/1.1" 400 181 "-" "-"
198.52.119.97 - - [15/Jun/2016:17:31:26 +0800] "CONNECT s.yimg.com:443 HTTP/1.1" 400 181 "-" "-"
198.52.119.97 - - [15/Jun/2016:17:31:26 +0800] "CONNECT l.yimg.com:80 HTTP/1.1" 400 181 "-" "-"
114.43.4.1 - - [15/Jun/2016:17:34:30 +0800] "CONNECT smtp.mail.yahoo.com:25 HTTP/1.0" 400 181 "-" "-"
114.43.4.1 - - [15/Jun/2016:17:41:45 +0800] "CONNECT smtp.mail.yahoo.com:25 HTTP/1.0" 400 181 "-" "-"
114.43.4.1 - - [15/Jun/2016:17:48:33 +0800] "CONNECT smtp.mail.yahoo.com:25 HTTP/1.0" 400 181 "-" "-"
114.43.4.1 - - [15/Jun/2016:17:50:41 +0800] "CONNECT smtp.mail.yahoo.com:25 HTTP/1.0" 400 181 "-" "-"
23.251.51.125 - - [15/Jun/2016:17:55:12 +0800] "GET http://www.sbjudge2.com/azenv.php HTTP/1.0" 404 14 "-" "Mozilla/5.0 (compatible; MSIE 6.0; Windows NT 5.1; Trident/5.0)"
23.251.51.125 - - [15/Jun/2016:17:55:13 +0800] "CONNECT www.alipay.com:443 HTTP/1.0" 400 181 "-" "-"
114.43.4.1 - - [15/Jun/2016:17:55:27 +0800] "CONNECT smtp.mail.yahoo.com:25 HTTP/1.0" 400 181 "-" "-"
114.43.4.1 - - [15/Jun/2016:17:56:17 +0800] "CONNECT smtp.mail.yahoo.com:25 HTTP/1.0" 400 181 "-" "-"
114.43.4.1 - - [15/Jun/2016:18:00:37 +0800] "CONNECT smtp.mail.yahoo.com:25 HTTP/1.0" 400 181 "-" "-"
114.43.4.1 - - [15/Jun/2016:18:07:41 +0800] "CONNECT smtp.mail.yahoo.com:25 HTTP/1.0" 400 181 "-" "-"
114.43.4.1 - - [15/Jun/2016:18:09:42 +0800] "CONNECT smtp.mail.yahoo.com:25 HTTP/1.0" 400 181 "-" "-"
114.43.4.1 - - [15/Jun/2016:18:11:01 +0800] "CONNECT smtp.mail.yahoo.com:25 HTTP/1.0" 400 181 "-" "-"
114.43.4.1 - - [15/Jun/2016:18:22:04 +0800] "CONNECT smtp.mail.yahoo.com:25 HTTP/1.0" 400 181 "-" "-"
114.43.4.1 - - [15/Jun/2016:18:27:45 +0800] "CONNECT smtp.mail.yahoo.com:25 HTTP/1.0" 400 181 "-" "-"
114.43.4.1 - - [15/Jun/2016:18:31:27 +0800] "CONNECT smtp.mail.yahoo.com:25 HTTP/1.0" 400 181 "-" "-"
23.251.51.125 - - [15/Jun/2016:18:33:58 +0800] "GET http://www.sbjudge2.com/azenv.php HTTP/1.0" 404 14 "-" "Mozilla/5.0 (compatible; MSIE 6.0; Windows NT 5.1; Trident/5.0)"
23.251.51.125 - - [15/Jun/2016:18:33:59 +0800] "CONNECT www.alipay.com:443 HTTP/1.0" 400 181 "-" "-"
169.229.3.91 - - [15/Jun/2016:18:35:49 +0800] "%\x12g@\x9F{\x16R\xB6\x0F\xD9\x19\xDA\xED\x98\xBFo^!\x11U\x0C\x01\xDA\xB7t\xAA,=Q\xF5\x83$\xCE\x80J\xF0\xE7\xA8\xA7\xA1\xBEo\xB5\x94\x9D(%K\x8F\x9Aj\x0EUk\xDC\xE9\xA3\xCB-%\xD5s~" 400 181 "-" "-"
114.43.4.1 - - [15/Jun/2016:18:41:14 +0800] "CONNECT smtp.mail.yahoo.com:25 HTTP/1.0" 400 181 "-" "-"
114.43.4.1 - - [15/Jun/2016:18:48:36 +0800] "CONNECT smtp.mail.yahoo.com:25 HTTP/1.0" 400 181 "-" "-"
114.43.4.1 - - [15/Jun/2016:18:58:33 +0800] "CONNECT smtp.mail.yahoo.com:25 HTTP/1.0" 400 181 "-" "-"
114.43.4.1 - - [15/Jun/2016:19:04:18 +0800] "CONNECT smtp.mail.yahoo.com:25 HTTP/1.0" 400 181 "-" "-"
114.43.4.1 - - [15/Jun/2016:19:04:55 +0800] "CONNECT smtp.mail.yahoo.com:25 HTTP/1.0" 400 181 "-" "-"
23.251.51.125 - - [15/Jun/2016:19:05:51 +0800] "CONNECT www.baidu.com:443 HTTP/1.0" 400 181 "-" "-"
23.251.51.125 - - [15/Jun/2016:19:05:53 +0800] "GET http://domkrim.com/av.php HTTP/1.0" 404 14 "-" "Mozilla/5.0 (compatible; MSIE 6.0; Windows NT 5.1; Trident/5.0)"
114.43.4.1 - - [15/Jun/2016:19:13:09 +0800] "CONNECT smtp.mail.yahoo.com:25 HTTP/1.0" 400 181 "-" "-"
114.43.4.1 - - [15/Jun/2016:19:14:43 +0800] "CONNECT smtp.mail.yahoo.com:25 HTTP/1.0" 400 181 "-" "-"
123.56.233.113 - - [15/Jun/2016:19:16:34 +0800] "GET / HTTP/1.1" 404 14 "-" "-"
114.43.4.1 - - [15/Jun/2016:19:16:58 +0800] "CONNECT smtp.mail.yahoo.com:25 HTTP/1.0" 400 181 "-" "-"
114.43.4.1 - - [15/Jun/2016:19:22:56 +0800] "CONNECT smtp.mail.yahoo.com:25 HTTP/1.0" 400 181 "-" "-"
115.230.124.164 - - [15/Jun/2016:19:25:28 +0800] "GET http://zc.qq.com/cgi-bin/common/attr?id=260714&r=0.9590907116529064 HTTP/1.1" 404 14 "-" "Mozilla/5.0 (compatible; MSIE 9.0; Windows NT 6.1; Trident/5.0; 360SE)"
114.43.4.1 - - [15/Jun/2016:19:26:16 +0800] "CONNECT smtp.mail.yahoo.com:25 HTTP/1.0" 400 181 "-" "-"
114.43.4.1 - - [15/Jun/2016:19:32:46 +0800] "CONNECT smtp.mail.yahoo.com:25 HTTP/1.0" 400 181 "-" "-"
198.74.98.247 - - [15/Jun/2016:19:34:23 +0800] "CONNECT s.yimg.com:443 HTTP/1.1" 400 181 "-" "-"
198.74.98.247 - - [15/Jun/2016:19:34:24 +0800] "CONNECT s.yimg.com:443 HTTP/1.1" 400 181 "-" "-"
198.74.98.247 - - [15/Jun/2016:19:34:24 +0800] "CONNECT l.yimg.com:80 HTTP/1.1" 400 181 "-" "-"
114.43.4.1 - - [15/Jun/2016:19:40:19 +0800] "CONNECT smtp.mail.yahoo.com:25 HTTP/1.0" 400 181 "-" "-"
123.56.64.43 - - [15/Jun/2016:19:51:52 +0800] "GET http://www.izhongsai.com/ HTTP/1.1" 404 14 "-" "Mozilla/5.0 (compatible; MSIE 9.0; AOL 9.0; Windows NT 6.0; Trident/5.0)"
114.43.4.1 - - [15/Jun/2016:19:57:01 +0800] "CONNECT smtp.mail.yahoo.com:25 HTTP/1.0" 400 181 "-" "-"
198.74.98.247 - - [15/Jun/2016:20:06:08 +0800] "CONNECT s.yimg.com:443 HTTP/1.1" 400 181 "-" "-"
198.74.98.247 - - [15/Jun/2016:20:06:08 +0800] "CONNECT s.yimg.com:443 HTTP/1.1" 400 181 "-" "-"
198.74.98.247 - - [15/Jun/2016:20:06:09 +0800] "CONNECT l.yimg.com:80 HTTP/1.1" 400 181 "-" "-"
23.251.51.125 - - [15/Jun/2016:20:06:28 +0800] "CONNECT www.baidu.com:443 HTTP/1.0" 400 181 "-" "-"
114.43.4.1 - - [15/Jun/2016:20:19:41 +0800] "CONNECT smtp.mail.yahoo.com:25 HTTP/1.0" 400 181 "-" "-"
198.74.98.247 - - [15/Jun/2016:20:50:59 +0800] "CONNECT s.yimg.com:443 HTTP/1.1" 400 181 "-" "-"
198.74.98.247 - - [15/Jun/2016:20:50:59 +0800] "CONNECT s.yimg.com:443 HTTP/1.1" 400 181 "-" "-"
198.74.98.247 - - [15/Jun/2016:20:51:00 +0800] "CONNECT l.yimg.com:80 HTTP/1.1" 400 181 "-" "-"
80.82.78.38 - - [15/Jun/2016:20:58:34 +0800] "GET http://www.baidu.com/cache/global/img/gs.gif HTTP/1.1" 404 14 "-" "Mozilla"
115.230.124.164 - - [15/Jun/2016:21:54:39 +0800] "GET http://zc.qq.com/cgi-bin/common/attr?id=260714&r=0.8146172160651464 HTTP/1.1" 404 14 "-" "Mozilla/5.0 (compatible; MSIE 9.0; Windows NT 6.1; Trident/5.0; 360SE)"
23.251.51.125 - - [15/Jun/2016:22:03:20 +0800] "GET http://www.proxyjudge.info/azenv.php HTTP/1.0" 404 14 "-" "Mozilla/5.0 (compatible; MSIE 6.0; Windows NT 5.1; Trident/5.0)"
23.251.51.125 - - [15/Jun/2016:22:03:30 +0800] "CONNECT www.baidu.com:443 HTTP/1.0" 400 181 "-" "-"
213.246.45.128 - - [15/Jun/2016:22:52:15 +0800] "GET http://www.baidu.com/cache/global/img/gs.gif HTTP/1.1" 404 14 "-" "Mozilla"
198.74.98.247 - - [15/Jun/2016:22:54:46 +0800] "CONNECT s.yimg.com:443 HTTP/1.1" 400 181 "-" "-"
198.74.98.247 - - [15/Jun/2016:22:54:47 +0800] "CONNECT s.yimg.com:443 HTTP/1.1" 400 181 "-" "-"
198.74.98.247 - - [15/Jun/2016:22:54:47 +0800] "CONNECT l.yimg.com:80 HTTP/1.1" 400 181 "-" "-"
23.251.51.125 - - [15/Jun/2016:23:07:56 +0800] "GET http://fr.cyberpods.net/ HTTP/1.0" 404 14 "-" "Mozilla/5.0 (compatible; MSIE 6.0; Windows NT 5.1; Trident/5.0)"
23.251.51.125 - - [15/Jun/2016:23:07:58 +0800] "CONNECT www.baidu.com:443 HTTP/1.0" 400 181 "-" "-"
123.151.43.65 - - [15/Jun/2016:23:25:56 +0800] "\x16\x03\x01\x00\xAE\x01\x00\x00\xAA\x03\x01War\x84\x5C\x22l\xD8<\xADT7:6\x07U*\xB3\x97\xC0/\x8C\xBC\xDA\x85\x96\x1BdG\xB6\x89\xB0\x00\x00L\xC0\x14\xC0" 400 181 "-" "-"
123.151.43.65 - - [15/Jun/2016:23:25:56 +0800] "\x16\x03\x01\x00\xAE\x01\x00\x00\xAA\x03\x01War\x84\xA0yX\xCCR\xBF+D\x18\x15LD3\xE3\x5C\xF65\x15\xD8z\xF2\xFFY\x8B\xB4\xA8b\x19\x00\x00L\xC0\x14\xC0" 400 181 "-" "-"
198.74.98.247 - - [16/Jun/2016:00:09:28 +0800] "CONNECT s.yimg.com:443 HTTP/1.1" 400 181 "-" "-"
198.74.98.247 - - [16/Jun/2016:00:09:28 +0800] "CONNECT s.yimg.com:443 HTTP/1.1" 400 181 "-" "-"
198.74.98.247 - - [16/Jun/2016:00:09:29 +0800] "CONNECT l.yimg.com:80 HTTP/1.1" 400 181 "-" "-"
115.230.124.164 - - [16/Jun/2016:00:23:43 +0800] "GET http://zc.qq.com/cgi-bin/common/attr?id=260714&r=0.6158006333128220 HTTP/1.1" 404 14 "-" "Mozilla/5.0 (compatible; MSIE 9.0; Windows NT 6.1; Trident/5.0; 360SE)"
80.82.78.38 - - [16/Jun/2016:01:01:24 +0800] "GET http://www.baidu.com/cache/global/img/gs.gif HTTP/1.1" 404 14 "-" "Mozilla"
23.251.51.125 - - [16/Jun/2016:01:13:45 +0800] "GET http://fr.cyberpods.net/ HTTP/1.0" 404 14 "-" "Mozilla/5.0 (compatible; MSIE 6.0; Windows NT 5.1; Trident/5.0)"
23.251.51.125 - - [16/Jun/2016:01:13:46 +0800] "CONNECT www.alipay.com:443 HTTP/1.0" 400 181 "-" "-"
183.60.15.115 - - [16/Jun/2016:02:27:13 +0800] "GET / HTTP/1.0" 404 14 "-" "-"
115.230.124.164 - - [16/Jun/2016:02:51:57 +0800] "GET http://zc.qq.com/cgi-bin/common/attr?id=260714&r=0.7002870077259027 HTTP/1.1" 404 14 "-" "Mozilla/5.0 (compatible; MSIE 9.0; Windows NT 6.1; Trident/5.0; 360SE)"
115.230.124.164 - - [16/Jun/2016:02:52:00 +0800] "GET http://zc.qq.com/cgi-bin/common/attr?id=260714&r=0.5892438559843457 HTTP/1.1" 404 14 "-" "Mozilla/5.0 (compatible; MSIE 9.0; Windows NT 6.1; Trident/5.0; 360SE)"
23.251.51.125 - - [16/Jun/2016:02:58:20 +0800] "GET http://www.sbjudge3.com/azenv.php HTTP/1.0" 404 14 "-" "Mozilla/5.0 (compatible; MSIE 6.0; Windows NT 5.1; Trident/5.0)"
23.251.51.125 - - [16/Jun/2016:02:58:21 +0800] "CONNECT www.baidu.com:443 HTTP/1.0" 400 181 "-" "-"
80.82.78.38 - - [16/Jun/2016:05:02:28 +0800] "GET http://www.baidu.com/cache/global/img/gs.gif HTTP/1.1" 404 14 "-" "Mozilla"
101.226.103.146 - - [16/Jun/2016:05:14:57 +0800] "GET / HTTP/1.1" 404 14 "-" "libwww-perl/6.04"
101.226.103.146 - - [16/Jun/2016:05:14:57 +0800] "GET / HTTP/1.1" 404 14 "-" "libwww-perl/6.04"
101.226.103.146 - - [16/Jun/2016:05:14:57 +0800] "GET / HTTP/1.1" 404 14 "-" "libwww-perl/6.04"
115.230.124.164 - - [16/Jun/2016:05:19:47 +0800] "GET http://zc.qq.com/cgi-bin/common/attr?id=260714&r=0.2761081917936534 HTTP/1.1" 404 14 "-" "Mozilla/5.0 (compatible; MSIE 9.0; Windows NT 6.1; Trident/5.0; 360SE)"
213.246.45.128 - - [16/Jun/2016:05:24:01 +0800] "GET http://www.baidu.com/cache/global/img/gs.gif HTTP/1.1" 404 14 "-" "Mozilla"
198.74.98.247 - - [16/Jun/2016:05:25:16 +0800] "CONNECT s.yimg.com:443 HTTP/1.1" 400 181 "-" "-"
198.74.98.247 - - [16/Jun/2016:05:25:16 +0800] "CONNECT s.yimg.com:443 HTTP/1.1" 400 181 "-" "-"
198.74.98.247 - - [16/Jun/2016:05:25:16 +0800] "CONNECT l.yimg.com:80 HTTP/1.1" 400 181 "-" "-"
113.108.0.27 - - [16/Jun/2016:06:11:12 +0800] "GET / HTTP/1.0" 404 14 "-" "-"
123.151.43.65 - - [16/Jun/2016:07:04:48 +0800] "\x16\x03\x01\x00\xAE\x01\x00\x00\xAA\x03\x01Wa\xDE\x0F\xF0K\xD3\x9B`&\xAD*\xF7r\xB4\x96(\x16\x0C\x9C\xEE\xF3?\xA3\xCF\xF2\x0E\xDB\xE4\x18\xED\xF3\x00\x00L\xC0\x14\xC0" 400 181 "-" "-"
123.151.43.65 - - [16/Jun/2016:07:04:48 +0800] "\x16\x03\x01\x00\xAE\x01\x00\x00\xAA\x03\x01Wa\xDE\x0F\x182diY\xBA\x8D\x86\x16\xA8a\x16\xC8G\xE6\xA7\xD0\x095z\x84S^s\x88\xA2T\xB3\x00\x00L\xC0\x14\xC0" 400 181 "-" "-"
119.147.21.64 - - [16/Jun/2016:07:11:34 +0800] "GET / HTTP/1.1" 404 14 "-" "Python-urllib/2.7"
119.167.227.55 - - [16/Jun/2016:07:32:04 +0800] "GET /manager/html HTTP/1.1" 404 14 "-" "Mozilla/3.0 (compatible; Indy Library)"
198.74.98.247 - - [16/Jun/2016:08:27:58 +0800] "CONNECT s.yimg.com:443 HTTP/1.1" 400 181 "-" "-"
198.74.98.247 - - [16/Jun/2016:08:27:59 +0800] "CONNECT s.yimg.com:443 HTTP/1.1" 400 181 "-" "-"
198.74.98.247 - - [16/Jun/2016:08:27:59 +0800] "CONNECT l.yimg.com:80 HTTP/1.1" 400 181 "-" "-"
80.82.70.24 - - [16/Jun/2016:08:37:08 +0800] "\x00" 400 181 "-" "-"
80.82.70.24 - - [16/Jun/2016:08:37:09 +0800] "GET http://httpheader.net HTTP/1.1" 404 14 "-" "Mozilla/5.0 (Windows; U; Windows NT 6.1; en-US; rv:1.9.2.28) Gecko/20120306 Firefox/3.6.28 (.NET CLR 3.5.30729)"
80.82.70.24 - - [16/Jun/2016:08:37:14 +0800] "\x04\x01\x00P\xC0c\xF660\x00" 400 181 "-" "-"
80.82.70.24 - - [16/Jun/2016:08:37:14 +0800] "\x04\x01\x00P\xC0c\xF660\x00" 400 181 "-" "-"
80.82.70.24 - - [16/Jun/2016:08:37:15 +0800] "\x05\x01\x00" 400 181 "-" "-"
123.151.43.65 - - [16/Jun/2016:08:57:22 +0800] "GET / HTTP/1.1" 404 14 "-" "Scrapy/1.0.4 (+http://scrapy.org)"
80.82.78.38 - - [16/Jun/2016:09:03:56 +0800] "GET http://www.baidu.com/cache/global/img/gs.gif HTTP/1.1" 404 14 "-" "Mozilla"
198.52.119.97 - - [16/Jun/2016:09:29:00 +0800] "CONNECT s.yimg.com:443 HTTP/1.1" 400 181 "-" "-"
198.52.119.97 - - [16/Jun/2016:09:29:00 +0800] "CONNECT s.yimg.com:443 HTTP/1.1" 400 181 "-" "-"
198.52.119.97 - - [16/Jun/2016:09:29:04 +0800] "CONNECT l.yimg.com:80 HTTP/1.1" 400 181 "-" "-"
23.251.51.125 - - [16/Jun/2016:09:51:20 +0800] "GET http://proxyjudge.us/ HTTP/1.0" 404 14 "-" "Mozilla/5.0 (compatible; MSIE 6.0; Windows NT 5.1; Trident/5.0)"
198.52.119.97 - - [16/Jun/2016:10:17:37 +0800] "CONNECT s.yimg.com:443 HTTP/1.1" 400 181 "-" "-"
198.52.119.97 - - [16/Jun/2016:10:17:37 +0800] "CONNECT s.yimg.com:443 HTTP/1.1" 400 181 "-" "-"
198.52.119.97 - - [16/Jun/2016:10:17:38 +0800] "CONNECT l.yimg.com:80 HTTP/1.1" 400 181 "-" "-"
101.226.103.146 - - [16/Jun/2016:10:39:32 +0800] "\x16\x03\x02\x00\xDC\x01\x00\x00\xD8\x03\x02SC[\x90\x9D\x9Br\x0B\xBC\x0C\xBC+\x92\xA8H\x97\xCF\xBD9\x04\xCC\x16" 400 181 "-" "-"
66.240.236.119 - - [16/Jun/2016:10:56:09 +0800] "GET / HTTP/1.1" 404 14 "-" "Mozilla/5.0 (Windows NT 6.1) AppleWebKit/537.36 (KHTML, like Gecko) Chrome/41.0.2228.0 Safari/537.36"
66.240.236.119 - - [16/Jun/2016:10:56:09 +0800] "GET /robots.txt HTTP/1.1" 404 14 "-" "-"
66.240.236.119 - - [16/Jun/2016:10:56:09 +0800] "GET /sitemap.xml HTTP/1.1" 404 14 "-" "-"
23.251.51.125 - - [16/Jun/2016:11:09:54 +0800] "GET http://www.luisaranguren.com/azenv.php HTTP/1.0" 404 14 "-" "Mozilla/5.0 (compatible; MSIE 6.0; Windows NT 5.1; Trident/5.0)"
23.251.51.125 - - [16/Jun/2016:11:09:54 +0800] "CONNECT www.alipay.com:443 HTTP/1.0" 400 181 "-" "-"
198.74.98.247 - - [16/Jun/2016:11:28:28 +0800] "CONNECT s.yimg.com:443 HTTP/1.1" 400 181 "-" "-"
198.74.98.247 - - [16/Jun/2016:11:28:28 +0800] "CONNECT s.yimg.com:443 HTTP/1.1" 400 181 "-" "-"
198.74.98.247 - - [16/Jun/2016:11:28:29 +0800] "CONNECT l.yimg.com:80 HTTP/1.1" 400 181 "-" "-"
213.246.45.128 - - [16/Jun/2016:11:47:41 +0800] "GET http://www.baidu.com/cache/global/img/gs.gif HTTP/1.1" 404 14 "-" "Mozilla"
198.52.119.97 - - [16/Jun/2016:12:33:45 +0800] "CONNECT s.yimg.com:443 HTTP/1.1" 400 181 "-" "-"
198.52.119.97 - - [16/Jun/2016:12:33:45 +0800] "CONNECT s.yimg.com:443 HTTP/1.1" 400 181 "-" "-"
198.52.119.97 - - [16/Jun/2016:12:33:46 +0800] "CONNECT l.yimg.com:80 HTTP/1.1" 400 181 "-" "-"
111.248.124.63 - - [16/Jun/2016:12:49:29 +0800] "CONNECT 163mx02.mxmail.netease.com:25 HTTP/1.0" 400 181 "-" "-"
89.248.172.201 - - [16/Jun/2016:12:52:34 +0800] "GET / HTTP/1.0" 404 14 "-" "Mozilla/5.0 (Windows NT 6.1; rv:31.0) Gecko/20100101 Firefox/31.0"
80.82.78.38 - - [16/Jun/2016:13:08:41 +0800] "GET http://www.baidu.com/cache/global/img/gs.gif HTTP/1.1" 404 14 "-" "Mozilla"
101.226.103.146 - - [16/Jun/2016:13:27:29 +0800] "\x16\x03\x00\x03\x0C\x01\x00\x03\x08\x03\x00SHs\xF0|\xCA\xC1\xD9\x02\x04\xF2\x1D-I\xF5\x12\xBF@\x1B\x94\xD9\x93\xE4\xC4\xF4\xF0\xD0B\xCDD\xA2Y\x00\x02\x96\x00\x00\x00\x01\x00\x02\x00\x03\x00\x04\x00\x05\x00\x06\x00\x07\x00\x08\x00\x09\x00" 400 181 "-" "-"
101.226.103.146 - - [16/Jun/2016:13:27:29 +0800] "\x16\x03\x01\x03\x0C\x01\x00\x03\x08\x03\x01SHs\xF0|\xCA\xC1\xD9\x02\x04\xF2\x1D-I\xF5\x12\xBF@\x1B\x94\xD9\x93\xE4\xC4\xF4\xF0\xD0B\xCDD\xA2Y\x00\x02\x96\x00\x00\x00\x01\x00\x02\x00\x03\x00\x04\x00\x05\x00\x06\x00\x07\x00\x08\x00\x09\x00" 400 181 "-" "-"
101.226.103.146 - - [16/Jun/2016:13:27:29 +0800] "\x16\x03\x02\x03\x0C\x01\x00\x03\x08\x03\x02SHs\xF0|\xCA\xC1\xD9\x02\x04\xF2\x1D-I\xF5\x12\xBF@\x1B\x94\xD9\x93\xE4\xC4\xF4\xF0\xD0B\xCDD\xA2Y\x00\x02\x96\x00\x00\x00\x01\x00\x02\x00\x03\x00\x04\x00\x05\x00\x06\x00\x07\x00\x08\x00\x09\x00" 400 181 "-" "-"
101.226.103.146 - - [16/Jun/2016:13:27:29 +0800] "\x16\x03\x03\x03\x0C\x01\x00\x03\x08\x03\x03SHs\xF0|\xCA\xC1\xD9\x02\x04\xF2\x1D-I\xF5\x12\xBF@\x1B\x94\xD9\x93\xE4\xC4\xF4\xF0\xD0B\xCDD\xA2Y\x00\x02\x96\x00\x00\x00\x01\x00\x02\x00\x03\x00\x04\x00\x05\x00\x06\x00\x07\x00\x08\x00\x09\x00" 400 181 "-" "-"
198.52.119.97 - - [16/Jun/2016:13:28:41 +0800] "CONNECT s.yimg.com:443 HTTP/1.1" 400 181 "-" "-"
198.52.119.97 - - [16/Jun/2016:13:28:41 +0800] "CONNECT s.yimg.com:443 HTTP/1.1" 400 181 "-" "-"
198.52.119.97 - - [16/Jun/2016:13:28:42 +0800] "CONNECT l.yimg.com:80 HTTP/1.1" 400 181 "-" "-"
61.151.186.141 - - [16/Jun/2016:13:56:21 +0800] "GET / HTTP/1.0" 404 14 "-" "-"
23.251.51.125 - - [16/Jun/2016:13:58:53 +0800] "CONNECT www.alipay.com:443 HTTP/1.0" 400 181 "-" "-"
198.74.98.247 - - [16/Jun/2016:14:38:00 +0800] "CONNECT s.yimg.com:443 HTTP/1.1" 400 181 "-" "-"
198.74.98.247 - - [16/Jun/2016:14:38:00 +0800] "CONNECT s.yimg.com:443 HTTP/1.1" 400 181 "-" "-"
198.74.98.247 - - [16/Jun/2016:14:38:01 +0800] "CONNECT l.yimg.com:80 HTTP/1.1" 400 181 "-" "-"
23.251.51.125 - - [16/Jun/2016:14:50:53 +0800] "GET http://www.proxy-listen.de/azenv.php HTTP/1.0" 404 14 "-" "Mozilla/5.0 (compatible; MSIE 6.0; Windows NT 5.1; Trident/5.0)"
23.251.51.125 - - [16/Jun/2016:14:50:57 +0800] "CONNECT www.alipay.com:443 HTTP/1.0" 400 181 "-" "-"
198.52.119.97 - - [16/Jun/2016:15:43:04 +0800] "CONNECT s.yimg.com:443 HTTP/1.1" 400 181 "-" "-"
198.52.119.97 - - [16/Jun/2016:15:43:05 +0800] "CONNECT s.yimg.com:443 HTTP/1.1" 400 181 "-" "-"
198.52.119.97 - - [16/Jun/2016:15:43:05 +0800] "CONNECT l.yimg.com:80 HTTP/1.1" 400 181 "-" "-"
169.229.3.91 - - [16/Jun/2016:15:51:48 +0800] "\x89\xA8covW\x9C\x90Q\xC7\xDE\x12\xB5\x06T\x12\xAB\xD1\xB7I\xC2K\xB0\xB2\xF8\x0C\x9DE\xFA\xC4\xF3\x00m\xEF@\x0FS\xFE\xC8\xB9\xB8%\x01 \xC2\xE4\x98D\xEB\xD0j\x92l\x94\x93X-\xC1'\x16\xDB\xC1^\xAD" 400 181 "-" "-"
58.221.46.206 - - [16/Jun/2016:15:57:10 +0800] "GET /phpMyAdmin HTTP/1.1" 404 14 "http://115.159.219.141/phpMyAdmin" "Mozilla/4.0 (compatible; MSIE 9.0; Windows NT 6.1)"
24.201.79.85 - - [16/Jun/2016:16:13:16 +0800] "GET / HTTP/1.0" 404 14 "-" "masscan/1.0 (https://github.com/robertdavidgraham/masscan)"
198.52.119.97 - - [16/Jun/2016:16:38:44 +0800] "CONNECT s.yimg.com:443 HTTP/1.1" 400 181 "-" "-"
198.52.119.97 - - [16/Jun/2016:16:38:45 +0800] "CONNECT s.yimg.com:443 HTTP/1.1" 400 181 "-" "-"
198.52.119.97 - - [16/Jun/2016:16:38:45 +0800] "CONNECT l.yimg.com:80 HTTP/1.1" 400 181 "-" "-"
23.251.51.125 - - [16/Jun/2016:16:56:26 +0800] "GET http://www.sbjudge3.com/azenv.php HTTP/1.0" 404 14 "-" "Mozilla/5.0 (compatible; MSIE 6.0; Windows NT 5.1; Trident/5.0)"
23.251.51.125 - - [16/Jun/2016:16:56:26 +0800] "CONNECT www.baidu.com:443 HTTP/1.0" 400 181 "-" "-"
80.82.78.38 - - [16/Jun/2016:17:10:58 +0800] "GET http://www.baidu.com/cache/global/img/gs.gif HTTP/1.1" 404 14 "-" "Mozilla"
198.74.98.247 - - [16/Jun/2016:17:46:22 +0800] "CONNECT s.yimg.com:443 HTTP/1.1" 400 181 "-" "-"
198.74.98.247 - - [16/Jun/2016:17:46:23 +0800] "CONNECT s.yimg.com:443 HTTP/1.1" 400 181 "-" "-"
198.74.98.247 - - [16/Jun/2016:17:46:23 +0800] "CONNECT l.yimg.com:80 HTTP/1.1" 400 181 "-" "-"
198.52.119.97 - - [16/Jun/2016:18:52:52 +0800] "CONNECT s.yimg.com:443 HTTP/1.1" 400 181 "-" "-"
198.52.119.97 - - [16/Jun/2016:18:52:53 +0800] "CONNECT s.yimg.com:443 HTTP/1.1" 400 181 "-" "-"
198.52.119.97 - - [16/Jun/2016:18:52:53 +0800] "CONNECT l.yimg.com:80 HTTP/1.1" 400 181 "-" "-"
23.251.51.125 - - [16/Jun/2016:19:40:54 +0800] "GET http://proxyjudge.us/ HTTP/1.0" 404 14 "-" "Mozilla/5.0 (compatible; MSIE 6.0; Windows NT 5.1; Trident/5.0)"
23.251.51.125 - - [16/Jun/2016:19:40:57 +0800] "CONNECT www.alipay.com:443 HTTP/1.0" 400 181 "-" "-"
198.52.119.97 - - [16/Jun/2016:19:46:56 +0800] "CONNECT s.yimg.com:443 HTTP/1.1" 400 181 "-" "-"
198.52.119.97 - - [16/Jun/2016:19:46:56 +0800] "CONNECT s.yimg.com:443 HTTP/1.1" 400 181 "-" "-"
198.52.119.97 - - [16/Jun/2016:19:46:57 +0800] "CONNECT l.yimg.com:80 HTTP/1.1" 400 181 "-" "-"
223.220.174.67 - - [16/Jun/2016:20:48:45 +0800] "t3 12.2.1" 400 181 "-" "-"
198.74.98.247 - - [16/Jun/2016:20:54:31 +0800] "CONNECT s.yimg.com:443 HTTP/1.1" 400 181 "-" "-"
198.74.98.247 - - [16/Jun/2016:20:54:31 +0800] "CONNECT s.yimg.com:443 HTTP/1.1" 400 181 "-" "-"
198.74.98.247 - - [16/Jun/2016:20:54:31 +0800] "CONNECT l.yimg.com:80 HTTP/1.1" 400 181 "-" "-"
23.251.51.125 - - [16/Jun/2016:20:55:20 +0800] "GET http://www.luisaranguren.com/azenv.php HTTP/1.0" 404 14 "-" "Mozilla/5.0 (compatible; MSIE 6.0; Windows NT 5.1; Trident/5.0)"
23.251.51.125 - - [16/Jun/2016:20:55:24 +0800] "CONNECT www.baidu.com:443 HTTP/1.0" 400 181 "-" "-"
80.82.78.38 - - [16/Jun/2016:21:16:33 +0800] "GET http://www.baidu.com/cache/global/img/gs.gif HTTP/1.1" 404 14 "-" "Mozilla"
23.251.51.125 - - [16/Jun/2016:21:29:33 +0800] "GET http://fr.cyberpods.net/ HTTP/1.0" 404 14 "-" "Mozilla/5.0 (compatible; MSIE 6.0; Windows NT 5.1; Trident/5.0)"
23.251.51.125 - - [16/Jun/2016:21:29:34 +0800] "CONNECT www.baidu.com:443 HTTP/1.0" 400 181 "-" "-"
220.167.100.13 - - [16/Jun/2016:21:47:01 +0800] "GET /manager/html HTTP/1.1" 404 14 "-" "Mozilla/3.0 (compatible; Indy Library)"
42.96.189.12 - - [16/Jun/2016:21:50:55 +0800] "GET /phpMyAdmin HTTP/1.1" 404 14 "http://115.159.219.141/phpMyAdmin" "Mozilla/4.0 (compatible; MSIE 9.0; Windows NT 6.1)"
198.52.119.97 - - [16/Jun/2016:21:59:39 +0800] "CONNECT s.yimg.com:443 HTTP/1.1" 400 181 "-" "-"
198.52.119.97 - - [16/Jun/2016:21:59:39 +0800] "CONNECT s.yimg.com:443 HTTP/1.1" 400 181 "-" "-"
198.52.119.97 - - [16/Jun/2016:21:59:39 +0800] "CONNECT l.yimg.com:80 HTTP/1.1" 400 181 "-" "-"
23.251.51.125 - - [16/Jun/2016:22:23:53 +0800] "GET http://www.proxy-listen.de/azenv.php HTTP/1.0" 404 14 "-" "Mozilla/5.0 (compatible; MSIE 6.0; Windows NT 5.1; Trident/5.0)"
23.251.51.125 - - [16/Jun/2016:22:23:53 +0800] "CONNECT www.alipay.com:443 HTTP/1.0" 400 181 "-" "-"
198.52.119.97 - - [16/Jun/2016:22:56:18 +0800] "CONNECT s.yimg.com:443 HTTP/1.1" 400 181 "-" "-"
198.52.119.97 - - [16/Jun/2016:22:56:19 +0800] "CONNECT s.yimg.com:443 HTTP/1.1" 400 181 "-" "-"
198.52.119.97 - - [16/Jun/2016:22:56:19 +0800] "CONNECT l.yimg.com:80 HTTP/1.1" 400 181 "-" "-"
123.151.43.65 - - [16/Jun/2016:23:28:26 +0800] "\x16\x03\x01\x00\xAE\x01\x00\x00\xAA\x03\x01Wb\xC4\x99+\xE4\x11\xE7\xC1\x5C\xF6\xFE\xC44'\xC0q\xBE\x01\xBD\xD3T\xBA K\xF1X&+\xBF\xC5\xD7\x00\x00L\xC0\x14\xC0" 400 181 "-" "-"
123.151.43.65 - - [16/Jun/2016:23:28:26 +0800] "\x16\x03\x01\x00\xAE\x01\x00\x00\xAA\x03\x01Wb\xC4\x99\xBDm\xB2\xBE'\x98\x94\xA7\xD2\x90\xE8,_J\x09}!\xBD\x11\xEB\x95\xA4\xDEqw+\x17#\x00\x00L\xC0\x14\xC0" 400 181 "-" "-"
23.251.51.125 - - [16/Jun/2016:23:34:27 +0800] "GET http://fr.cyberpods.net/ HTTP/1.0" 404 14 "-" "Mozilla/5.0 (compatible; MSIE 6.0; Windows NT 5.1; Trident/5.0)"
23.251.51.125 - - [16/Jun/2016:23:34:29 +0800] "CONNECT www.alipay.com:443 HTTP/1.0" 400 181 "-" "-"
198.74.98.247 - - [17/Jun/2016:00:12:14 +0800] "CONNECT s.yimg.com:443 HTTP/1.1" 400 181 "-" "-"
198.74.98.247 - - [17/Jun/2016:00:12:14 +0800] "CONNECT s.yimg.com:443 HTTP/1.1" 400 181 "-" "-"
198.74.98.247 - - [17/Jun/2016:00:12:15 +0800] "CONNECT l.yimg.com:80 HTTP/1.1" 400 181 "-" "-"
172.82.166.210 - - [17/Jun/2016:00:58:13 +0800] "GET http://www.baidu.com/cache/global/img/gs.gif HTTP/1.1" 404 14 "-" "Mozilla"
23.251.51.125 - - [17/Jun/2016:01:12:37 +0800] "GET http://domkrim.com/av.php HTTP/1.0" 404 14 "-" "Mozilla/5.0 (compatible; MSIE 6.0; Windows NT 5.1; Trident/5.0)"
23.251.51.125 - - [17/Jun/2016:01:12:38 +0800] "CONNECT www.baidu.com:443 HTTP/1.0" 400 181 "-" "-"
180.97.106.37 - - [17/Jun/2016:02:18:57 +0800] "GET http://www.baidu.com/robots.txt HTTP/1.1" 404 14 "-" "-"
114.215.243.157 - - [17/Jun/2016:02:44:33 +0800] "GET / HTTP/1.1" 404 14 "http://115.159.219.141:80/" "Mozilla/4.0 (compatible; MSIE 9.0; Windows NT 6.1)"
89.248.172.110 - - [17/Jun/2016:03:20:46 +0800] "GET / HTTP/1.0" 404 14 "-" "Mozilla/5.0 (Windows NT 6.1; rv:31.0) Gecko/20100101 Firefox/31.0"
114.43.4.1 - - [17/Jun/2016:03:27:45 +0800] "CONNECT smtp.mail.yahoo.com:25 HTTP/1.0" 400 181 "-" "-"
198.74.98.247 - - [17/Jun/2016:03:32:47 +0800] "CONNECT s.yimg.com:443 HTTP/1.1" 400 181 "-" "-"
198.74.98.247 - - [17/Jun/2016:03:32:48 +0800] "CONNECT s.yimg.com:443 HTTP/1.1" 400 181 "-" "-"
198.74.98.247 - - [17/Jun/2016:03:32:48 +0800] "CONNECT l.yimg.com:80 HTTP/1.1" 400 181 "-" "-"
23.251.51.125 - - [17/Jun/2016:03:35:20 +0800] "GET http://www.proxyjudge.info/azenv.php HTTP/1.0" 404 14 "-" "Mozilla/5.0 (compatible; MSIE 6.0; Windows NT 5.1; Trident/5.0)"
23.251.51.125 - - [17/Jun/2016:03:35:22 +0800] "CONNECT www.alipay.com:443 HTTP/1.0" 400 181 "-" "-"
114.43.4.1 - - [17/Jun/2016:03:38:01 +0800] "CONNECT smtp.mail.yahoo.com:25 HTTP/1.0" 400 181 "-" "-"
61.160.195.222 - - [17/Jun/2016:03:59:21 +0800] "GET http://119.90.40.16:8090/ HTTP/1.1" 404 14 "-" "Mozilla/5.0 (Windows; U; Windows NT 5.1; zh-CN; rv:1.9.1.16) Gecko/20101130 Firefox/3.5.16"
114.43.4.1 - - [17/Jun/2016:04:03:42 +0800] "CONNECT smtp.mail.yahoo.com:25 HTTP/1.0" 400 181 "-" "-"
185.49.14.190 - - [17/Jun/2016:04:23:44 +0800] "GET http://testp4.pospr.waw.pl/testproxy.php HTTP/1.1" 404 14 "-" "Mozilla/5.0 (Windows NT 5.1; rv:32.0) Gecko/20100101 Firefox/31.0"
114.43.4.1 - - [17/Jun/2016:04:24:33 +0800] "CONNECT smtp.mail.yahoo.com:25 HTTP/1.0" 400 181 "-" "-"
198.52.119.97 - - [17/Jun/2016:04:29:07 +0800] "CONNECT s.yimg.com:443 HTTP/1.1" 400 181 "-" "-"
198.52.119.97 - - [17/Jun/2016:04:29:07 +0800] "CONNECT s.yimg.com:443 HTTP/1.1" 400 181 "-" "-"
198.52.119.97 - - [17/Jun/2016:04:29:07 +0800] "CONNECT l.yimg.com:80 HTTP/1.1" 400 181 "-" "-"
61.151.186.141 - - [17/Jun/2016:05:08:22 +0800] "GET / HTTP/1.0" 404 14 "-" "-"
23.251.51.125 - - [17/Jun/2016:05:18:20 +0800] "GET http://proxyjudge.us/ HTTP/1.0" 404 14 "-" "Mozilla/5.0 (compatible; MSIE 6.0; Windows NT 5.1; Trident/5.0)"
23.251.51.125 - - [17/Jun/2016:05:18:23 +0800] "CONNECT www.alipay.com:443 HTTP/1.0" 400 181 "-" "-"
80.82.78.38 - - [17/Jun/2016:05:18:34 +0800] "GET http://www.baidu.com/cache/global/img/gs.gif HTTP/1.1" 404 14 "-" "Mozilla"
198.52.119.97 - - [17/Jun/2016:05:23:57 +0800] "CONNECT s.yimg.com:443 HTTP/1.1" 400 181 "-" "-"
198.52.119.97 - - [17/Jun/2016:05:23:58 +0800] "CONNECT s.yimg.com:443 HTTP/1.1" 400 181 "-" "-"
198.52.119.97 - - [17/Jun/2016:05:23:58 +0800] "CONNECT l.yimg.com:80 HTTP/1.1" 400 181 "-" "-"
114.43.4.1 - - [17/Jun/2016:05:25:35 +0800] "CONNECT smtp.mail.yahoo.com:25 HTTP/1.0" 400 181 "-" "-"
23.251.51.125 - - [17/Jun/2016:06:08:10 +0800] "GET http://proxyjudge.us/ HTTP/1.0" 404 14 "-" "Mozilla/5.0 (compatible; MSIE 6.0; Windows NT 5.1; Trident/5.0)"
23.251.51.125 - - [17/Jun/2016:06:08:11 +0800] "CONNECT www.baidu.com:443 HTTP/1.0" 400 181 "-" "-"
198.74.98.247 - - [17/Jun/2016:06:20:46 +0800] "CONNECT s.yimg.com:443 HTTP/1.1" 400 181 "-" "-"
198.74.98.247 - - [17/Jun/2016:06:20:47 +0800] "CONNECT s.yimg.com:443 HTTP/1.1" 400 181 "-" "-"
198.74.98.247 - - [17/Jun/2016:06:20:47 +0800] "CONNECT l.yimg.com:80 HTTP/1.1" 400 181 "-" "-"
114.43.4.1 - - [17/Jun/2016:06:34:41 +0800] "CONNECT smtp.mail.yahoo.com:25 HTTP/1.0" 400 181 "-" "-"
114.43.4.1 - - [17/Jun/2016:06:44:00 +0800] "CONNECT smtp.mail.yahoo.com:25 HTTP/1.0" 400 181 "-" "-"
123.151.43.65 - - [17/Jun/2016:07:01:59 +0800] "\x16\x03\x01\x00\xAE\x01\x00\x00\xAA\x03\x01Wc.\xE5Q\xA7C\x16\xFE\xCE\xF5E\xFB\xBD>b\x17\x9DH;n\xACi\x92\xF3x\x06\x89\xDC24\x9A\x00\x00L\xC0\x14\xC0" 400 181 "-" "-"
123.151.43.65 - - [17/Jun/2016:07:01:59 +0800] "\x16\x03\x01\x00\xAE\x01\x00\x00\xAA\x03\x01Wc.\xE5\x93P\x8AS\xD0\x14\xD9\xD3S\x1B\xABto\x08W\x01G\xE5\xE3\x1B!\xE3\xCCt\xCA\x0F\x1D\xE0\x00\x00L\xC0\x14\xC0" 400 181 "-" "-"
114.43.4.1 - - [17/Jun/2016:07:10:39 +0800] "CONNECT smtp.mail.yahoo.com:25 HTTP/1.0" 400 181 "-" "-"
23.251.51.125 - - [17/Jun/2016:07:12:39 +0800] "GET http://www.proxy-listen.de/azenv.php HTTP/1.0" 404 14 "-" "Mozilla/5.0 (compatible; MSIE 6.0; Windows NT 5.1; Trident/5.0)"
23.251.51.125 - - [17/Jun/2016:07:12:39 +0800] "CONNECT www.baidu.com:443 HTTP/1.0" 400 181 "-" "-"
119.147.21.64 - - [17/Jun/2016:07:17:48 +0800] "GET / HTTP/1.1" 404 14 "-" "Python-urllib/2.7"
213.246.45.128 - - [17/Jun/2016:07:23:44 +0800] "GET http://www.baidu.com/cache/global/img/gs.gif HTTP/1.1" 404 14 "-" "Mozilla"
23.251.51.125 - - [17/Jun/2016:07:36:26 +0800] "GET http://domkrim.com/av.php HTTP/1.0" 404 14 "-" "Mozilla/5.0 (compatible; MSIE 6.0; Windows NT 5.1; Trident/5.0)"
23.251.51.125 - - [17/Jun/2016:07:36:26 +0800] "CONNECT www.baidu.com:443 HTTP/1.0" 400 181 "-" "-"
198.52.119.97 - - [17/Jun/2016:07:37:05 +0800] "CONNECT s.yimg.com:443 HTTP/1.1" 400 181 "-" "-"
198.52.119.97 - - [17/Jun/2016:07:37:05 +0800] "CONNECT s.yimg.com:443 HTTP/1.1" 400 181 "-" "-"
198.52.119.97 - - [17/Jun/2016:07:37:06 +0800] "CONNECT l.yimg.com:80 HTTP/1.1" 400 181 "-" "-"
23.251.51.125 - - [17/Jun/2016:08:17:30 +0800] "GET http://proxyjudge.us/ HTTP/1.0" 404 14 "-" "Mozilla/5.0 (compatible; MSIE 6.0; Windows NT 5.1; Trident/5.0)"
23.251.51.125 - - [17/Jun/2016:08:17:30 +0800] "CONNECT www.alipay.com:443 HTTP/1.0" 400 181 "-" "-"
183.60.15.117 - - [17/Jun/2016:08:27:12 +0800] "GET / HTTP/1.0" 404 14 "-" "-"
198.52.119.97 - - [17/Jun/2016:08:32:06 +0800] "CONNECT s.yimg.com:443 HTTP/1.1" 400 181 "-" "-"
198.52.119.97 - - [17/Jun/2016:08:32:06 +0800] "CONNECT s.yimg.com:443 HTTP/1.1" 400 181 "-" "-"
198.52.119.97 - - [17/Jun/2016:08:32:06 +0800] "CONNECT l.yimg.com:80 HTTP/1.1" 400 181 "-" "-"
123.151.43.65 - - [17/Jun/2016:08:56:40 +0800] "GET / HTTP/1.1" 404 14 "-" "Scrapy/1.0.4 (+http://scrapy.org)"
23.251.51.125 - - [17/Jun/2016:08:58:45 +0800] "GET http://fr.cyberpods.net/ HTTP/1.0" 404 14 "-" "Mozilla/5.0 (compatible; MSIE 6.0; Windows NT 5.1; Trident/5.0)"
23.251.51.125 - - [17/Jun/2016:08:58:45 +0800] "CONNECT www.baidu.com:443 HTTP/1.0" 400 181 "-" "-"
23.251.51.125 - - [17/Jun/2016:08:59:00 +0800] "GET http://www.sbjudge1.com/azenv.php HTTP/1.0" 404 14 "-" "Mozilla/5.0 (compatible; MSIE 6.0; Windows NT 5.1; Trident/5.0)"
23.251.51.125 - - [17/Jun/2016:08:59:00 +0800] "CONNECT www.baidu.com:443 HTTP/1.0" 400 181 "-" "-"
80.82.78.38 - - [17/Jun/2016:09:21:13 +0800] "GET http://www.baidu.com/cache/global/img/gs.gif HTTP/1.1" 404 14 "-" "Mozilla"
198.74.98.247 - - [17/Jun/2016:09:28:41 +0800] "CONNECT s.yimg.com:443 HTTP/1.1" 400 181 "-" "-"
198.74.98.247 - - [17/Jun/2016:09:28:42 +0800] "CONNECT s.yimg.com:443 HTTP/1.1" 400 181 "-" "-"
198.74.98.247 - - [17/Jun/2016:09:28:42 +0800] "CONNECT l.yimg.com:80 HTTP/1.1" 400 181 "-" "-"
123.56.64.43 - - [17/Jun/2016:09:52:56 +0800] "GET http://www.izhongsai.com/ HTTP/1.1" 404 14 "-" "Mozilla/5.0 (compatible; MSIE 9.0; AOL 9.0; Windows NT 6.0; Trident/5.0)"
114.43.4.1 - - [17/Jun/2016:10:02:45 +0800] "CONNECT smtp.mail.yahoo.com:25 HTTP/1.0" 400 181 "-" "-"
198.52.119.97 - - [17/Jun/2016:10:46:15 +0800] "CONNECT s.yimg.com:443 HTTP/1.1" 400 181 "-" "-"
198.52.119.97 - - [17/Jun/2016:10:46:16 +0800] "CONNECT s.yimg.com:443 HTTP/1.1" 400 181 "-" "-"
198.52.119.97 - - [17/Jun/2016:10:46:16 +0800] "CONNECT l.yimg.com:80 HTTP/1.1" 400 181 "-" "-"
23.251.51.125 - - [17/Jun/2016:10:50:18 +0800] "GET http://domkrim.com/av.php HTTP/1.0" 404 14 "-" "Mozilla/5.0 (compatible; MSIE 6.0; Windows NT 5.1; Trident/5.0)"
23.251.51.125 - - [17/Jun/2016:10:50:19 +0800] "CONNECT www.baidu.com:443 HTTP/1.0" 400 181 "-" "-"
101.226.103.146 - - [17/Jun/2016:11:06:24 +0800] "\x16\x03\x02\x00\xDC\x01\x00\x00\xD8\x03\x02SC[\x90\x9D\x9Br\x0B\xBC\x0C\xBC+\x92\xA8H\x97\xCF\xBD9\x04\xCC\x16" 400 181 "-" "-"
61.160.195.222 - - [17/Jun/2016:11:07:45 +0800] "GET http://119.90.40.16:8090/ HTTP/1.1" 404 14 "-" "Mozilla/5.0 (Windows NT 6.1; WOW64) AppleWebKit/537.36 (KHTML, like Gecko) Chrome/31.0.1650.63 Safari/537.36"
95.213.187.186 - - [17/Jun/2016:11:09:19 +0800] "CONNECT check.best-proxies.ru:80 HTTP/1.1" 400 181 "-" "-"
114.43.4.1 - - [17/Jun/2016:11:18:55 +0800] "CONNECT smtp.mail.yahoo.com:25 HTTP/1.0" 400 181 "-" "-"
114.43.4.1 - - [17/Jun/2016:11:21:24 +0800] "CONNECT smtp.mail.yahoo.com:25 HTTP/1.0" 400 181 "-" "-"
114.43.4.1 - - [17/Jun/2016:11:34:05 +0800] "CONNECT smtp.mail.yahoo.com:25 HTTP/1.0" 400 181 "-" "-"
198.52.119.97 - - [17/Jun/2016:11:41:55 +0800] "CONNECT s.yimg.com:443 HTTP/1.1" 400 181 "-" "-"
198.52.119.97 - - [17/Jun/2016:11:41:55 +0800] "CONNECT s.yimg.com:443 HTTP/1.1" 400 181 "-" "-"
198.52.119.97 - - [17/Jun/2016:11:41:56 +0800] "CONNECT l.yimg.com:80 HTTP/1.1" 400 181 "-" "-"
114.43.4.1 - - [17/Jun/2016:11:50:49 +0800] "CONNECT smtp.mail.yahoo.com:25 HTTP/1.0" 400 181 "-" "-"
202.116.234.16 - - [17/Jun/2016:12:08:28 +0800] "HEAD / HTTP/1.0" 404 0 "-" "-"
114.43.4.1 - - [17/Jun/2016:12:19:56 +0800] "CONNECT smtp.mail.yahoo.com:25 HTTP/1.0" 400 181 "-" "-"
198.52.119.97 - - [17/Jun/2016:12:36:29 +0800] "CONNECT s.yimg.com:443 HTTP/1.1" 400 181 "-" "-"
198.52.119.97 - - [17/Jun/2016:12:36:29 +0800] "CONNECT s.yimg.com:443 HTTP/1.1" 400 181 "-" "-"
198.52.119.97 - - [17/Jun/2016:12:36:29 +0800] "CONNECT l.yimg.com:80 HTTP/1.1" 400 181 "-" "-"
14.63.160.219 - - [17/Jun/2016:12:58:24 +0800] "GET /manager/html HTTP/1.1" 404 14 "-" "Mozilla/5.0 (Windows NT 5.1; rv:5.0) Gecko/20100101 Firefox/5.0"
23.251.51.125 - - [17/Jun/2016:12:58:58 +0800] "GET http://www.sbjudge1.com/azenv.php HTTP/1.0" 404 14 "-" "Mozilla/5.0 (compatible; MSIE 6.0; Windows NT 5.1; Trident/5.0)"
23.251.51.125 - - [17/Jun/2016:12:59:02 +0800] "CONNECT www.alipay.com:443 HTTP/1.0" 400 181 "-" "-"
23.251.51.125 - - [17/Jun/2016:12:59:24 +0800] "CONNECT www.baidu.com:443 HTTP/1.0" 400 181 "-" "-"
114.43.4.1 - - [17/Jun/2016:13:09:55 +0800] "CONNECT smtp.mail.yahoo.com:25 HTTP/1.0" 400 181 "-" "-"
114.43.4.1 - - [17/Jun/2016:13:18:36 +0800] "CONNECT smtp.mail.yahoo.com:25 HTTP/1.0" 400 181 "-" "-"
114.43.4.1 - - [17/Jun/2016:13:25:19 +0800] "CONNECT smtp.mail.yahoo.com:25 HTTP/1.0" 400 181 "-" "-"
80.82.78.38 - - [17/Jun/2016:13:26:45 +0800] "GET http://www.baidu.com/cache/global/img/gs.gif HTTP/1.1" 404 14 "-" "Mozilla"
101.226.103.146 - - [17/Jun/2016:13:40:28 +0800] "\x16\x03\x00\x03\x0C\x01\x00\x03\x08\x03\x00SHs\xF0|\xCA\xC1\xD9\x02\x04\xF2\x1D-I\xF5\x12\xBF@\x1B\x94\xD9\x93\xE4\xC4\xF4\xF0\xD0B\xCDD\xA2Y\x00\x02\x96\x00\x00\x00\x01\x00\x02\x00\x03\x00\x04\x00\x05\x00\x06\x00\x07\x00\x08\x00\x09\x00" 400 181 "-" "-"
101.226.103.146 - - [17/Jun/2016:13:40:28 +0800] "\x16\x03\x01\x03\x0C\x01\x00\x03\x08\x03\x01SHs\xF0|\xCA\xC1\xD9\x02\x04\xF2\x1D-I\xF5\x12\xBF@\x1B\x94\xD9\x93\xE4\xC4\xF4\xF0\xD0B\xCDD\xA2Y\x00\x02\x96\x00\x00\x00\x01\x00\x02\x00\x03\x00\x04\x00\x05\x00\x06\x00\x07\x00\x08\x00\x09\x00" 400 181 "-" "-"
101.226.103.146 - - [17/Jun/2016:13:40:28 +0800] "\x16\x03\x02\x03\x0C\x01\x00\x03\x08\x03\x02SHs\xF0|\xCA\xC1\xD9\x02\x04\xF2\x1D-I\xF5\x12\xBF@\x1B\x94\xD9\x93\xE4\xC4\xF4\xF0\xD0B\xCDD\xA2Y\x00\x02\x96\x00\x00\x00\x01\x00\x02\x00\x03\x00\x04\x00\x05\x00\x06\x00\x07\x00\x08\x00\x09\x00" 400 181 "-" "-"
101.226.103.146 - - [17/Jun/2016:13:40:28 +0800] "\x16\x03\x03\x03\x0C\x01\x00\x03\x08\x03\x03SHs\xF0|\xCA\xC1\xD9\x02\x04\xF2\x1D-I\xF5\x12\xBF@\x1B\x94\xD9\x93\xE4\xC4\xF4\xF0\xD0B\xCDD\xA2Y\x00\x02\x96\x00\x00\x00\x01\x00\x02\x00\x03\x00\x04\x00\x05\x00\x06\x00\x07\x00\x08\x00\x09\x00" 400 181 "-" "-"
114.43.4.1 - - [17/Jun/2016:13:43:47 +0800] "CONNECT smtp.mail.yahoo.com:25 HTTP/1.0" 400 181 "-" "-"
172.82.166.210 - - [17/Jun/2016:13:49:59 +0800] "GET http://www.baidu.com/cache/global/img/gs.gif HTTP/1.1" 404 14 "-" "Mozilla"
198.74.98.247 - - [17/Jun/2016:13:54:41 +0800] "CONNECT s.yimg.com:443 HTTP/1.1" 400 181 "-" "-"
198.74.98.247 - - [17/Jun/2016:13:54:42 +0800] "CONNECT s.yimg.com:443 HTTP/1.1" 400 181 "-" "-"
198.74.98.247 - - [17/Jun/2016:13:54:42 +0800] "CONNECT l.yimg.com:80 HTTP/1.1" 400 181 "-" "-"
114.43.4.1 - - [17/Jun/2016:14:00:22 +0800] "CONNECT smtp.mail.yahoo.com:25 HTTP/1.0" 400 181 "-" "-"
114.43.4.1 - - [17/Jun/2016:14:35:03 +0800] "CONNECT smtp.mail.yahoo.com:25 HTTP/1.0" 400 181 "-" "-"
23.251.63.45 - - [17/Jun/2016:14:36:09 +0800] "CONNECT www.baidu.com:443 HTTP/1.0" 400 181 "-" "-"
114.43.4.1 - - [17/Jun/2016:14:37:32 +0800] "CONNECT smtp.mail.yahoo.com:25 HTTP/1.0" 400 181 "-" "-"
198.52.119.97 - - [17/Jun/2016:14:51:45 +0800] "CONNECT s.yimg.com:443 HTTP/1.1" 400 181 "-" "-"
198.52.119.97 - - [17/Jun/2016:14:51:45 +0800] "CONNECT s.yimg.com:443 HTTP/1.1" 400 181 "-" "-"
198.52.119.97 - - [17/Jun/2016:14:51:46 +0800] "CONNECT l.yimg.com:80 HTTP/1.1" 400 181 "-" "-"
60.191.52.254 - - [17/Jun/2016:14:52:41 +0800] "HEAD http://wap.ip138.com/ HTTP/1.1" 404 0 "-" "Java/1.8.0_77"
185.25.151.159 - - [17/Jun/2016:14:53:13 +0800] "GET http://testp4.pospr.waw.pl/testproxy.php HTTP/1.1" 404 14 "-" "Mozilla/5.0 (Windows NT 5.1; rv:32.0) Gecko/20100101 Firefox/31.0"
114.43.4.1 - - [17/Jun/2016:14:55:20 +0800] "CONNECT smtp.mail.yahoo.com:25 HTTP/1.0" 400 181 "-" "-"
114.43.4.1 - - [17/Jun/2016:14:59:21 +0800] "CONNECT smtp.mail.yahoo.com:25 HTTP/1.0" 400 181 "-" "-"
23.251.51.125 - - [17/Jun/2016:15:30:03 +0800] "GET http://www.sbjudge1.com/azenv.php HTTP/1.0" 404 14 "-" "Mozilla/5.0 (compatible; MSIE 6.0; Windows NT 5.1; Trident/5.0)"
23.251.51.125 - - [17/Jun/2016:15:30:08 +0800] "CONNECT www.alipay.com:443 HTTP/1.0" 400 181 "-" "-"
198.52.119.97 - - [17/Jun/2016:15:46:49 +0800] "CONNECT s.yimg.com:443 HTTP/1.1" 400 181 "-" "-"
198.52.119.97 - - [17/Jun/2016:15:46:49 +0800] "CONNECT s.yimg.com:443 HTTP/1.1" 400 181 "-" "-"
198.52.119.97 - - [17/Jun/2016:15:46:50 +0800] "CONNECT l.yimg.com:80 HTTP/1.1" 400 181 "-" "-"
114.43.4.1 - - [17/Jun/2016:16:10:33 +0800] "CONNECT smtp.mail.yahoo.com:25 HTTP/1.0" 400 181 "-" "-"
114.43.4.1 - - [17/Jun/2016:16:11:25 +0800] "CONNECT smtp.mail.yahoo.com:25 HTTP/1.0" 400 181 "-" "-"
114.43.4.1 - - [17/Jun/2016:16:14:37 +0800] "CONNECT smtp.mail.yahoo.com:25 HTTP/1.0" 400 181 "-" "-"
5.178.86.78 - - [17/Jun/2016:16:20:34 +0800] "CONNECT check.best-proxies.ru:80 HTTP/1.1" 400 181 "-" "-"
169.229.3.91 - - [17/Jun/2016:16:26:38 +0800] "\x96 \x9A\x99\xB8%\xA9\x8A\xE2\xD0}\xB4i\xDFef\x10" 400 181 "-" "-"
52.68.37.115 - - [17/Jun/2016:16:40:58 +0800] "GET /api/users HTTP/1.1" 200 928 "-" "Mozilla/5.0 (Windows NT 6.1; WOW64) AppleWebKit/537.36 (KHTML, like Gecko) Chrome/50.0.2661.102 Safari/537.36"
52.68.37.115 - - [17/Jun/2016:16:40:58 +0800] "GET /favicon.ico HTTP/1.1" 200 2814 "http://115.159.219.141/api/users" "Mozilla/5.0 (Windows NT 6.1; WOW64) AppleWebKit/537.36 (KHTML, like Gecko) Chrome/50.0.2661.102 Safari/537.36"
125.71.229.20 - - [17/Jun/2016:16:45:30 +0800] "POST /api/authenticate HTTP/1.1" 200 69 "-" "MyBookRecycle/1.0 (iPhone; iOS 9.2; Scale/2.00)"
125.71.229.20 - - [17/Jun/2016:16:46:08 +0800] "POST /api/authenticate HTTP/1.1" 200 16 "-" "MyBookRecycle/1.0 (iPhone; iOS 9.2; Scale/2.00)"
125.71.229.20 - - [17/Jun/2016:16:47:18 +0800] "POST /api/authenticate HTTP/1.1" 200 16 "-" "MyBookRecycle/1.0 (iPhone; iOS 9.2; Scale/2.00)"
23.251.51.125 - - [17/Jun/2016:16:50:59 +0800] "GET http://www.sbjudge3.com/azenv.php HTTP/1.0" 404 14 "-" "Mozilla/5.0 (compatible; MSIE 6.0; Windows NT 5.1; Trident/5.0)"
23.251.51.125 - - [17/Jun/2016:16:51:00 +0800] "CONNECT www.alipay.com:443 HTTP/1.0" 400 181 "-" "-"
125.71.229.20 - - [17/Jun/2016:16:52:36 +0800] "POST /api/authenticate HTTP/1.1" 200 69 "-" "MyBookRecycle/1.0 (iPhone; iOS 9.2; Scale/2.00)"
125.71.229.20 - - [17/Jun/2016:16:53:02 +0800] "POST /api/authenticate HTTP/1.1" 200 69 "-" "MyBookRecycle/1.0 (iPhone; iOS 9.2; Scale/2.00)"
125.71.229.20 - - [17/Jun/2016:16:53:33 +0800] "POST /api/authenticate HTTP/1.1" 200 16 "-" "MyBookRecycle/1.0 (iPhone; iOS 9.2; Scale/2.00)"
125.71.229.20 - - [17/Jun/2016:16:55:14 +0800] "POST /api/authenticate HTTP/1.1" 200 16 "-" "MyBookRecycle/1.0 (iPhone; iOS 9.2; Scale/2.00)"
125.71.229.20 - - [17/Jun/2016:16:56:02 +0800] "POST /api/authenticate HTTP/1.1" 200 69 "-" "MyBookRecycle/1.0 (iPhone; iOS 9.2; Scale/2.00)"
125.71.229.20 - - [17/Jun/2016:16:58:16 +0800] "POST /api/authenticate HTTP/1.1" 200 16 "-" "MyBookRecycle/1.0 (iPhone; iOS 9.2; Scale/2.00)"
125.71.229.20 - - [17/Jun/2016:17:01:42 +0800] "POST /api/authenticate HTTP/1.1" 200 69 "-" "MyBookRecycle/1.0 (iPhone; iOS 9.2; Scale/2.00)"
198.74.98.247 - - [17/Jun/2016:17:02:07 +0800] "CONNECT s.yimg.com:443 HTTP/1.1" 400 181 "-" "-"
198.74.98.247 - - [17/Jun/2016:17:02:07 +0800] "CONNECT s.yimg.com:443 HTTP/1.1" 400 181 "-" "-"
198.74.98.247 - - [17/Jun/2016:17:02:08 +0800] "CONNECT l.yimg.com:80 HTTP/1.1" 400 181 "-" "-"
125.71.229.20 - - [17/Jun/2016:17:03:47 +0800] "POST /api/authenticate HTTP/1.1" 200 69 "-" "MyBookRecycle/1.0 (iPhone; iOS 9.2; Scale/2.00)"
125.71.229.20 - - [17/Jun/2016:17:03:47 +0800] "POST /api/authenticate HTTP/1.1" 200 69 "-" "MyBookRecycle/1.0 (iPhone; iOS 9.2; Scale/2.00)"
125.71.229.20 - - [17/Jun/2016:17:05:36 +0800] "POST /api/authenticate HTTP/1.1" 200 69 "-" "MyBookRecycle/1.0 (iPhone; iOS 9.2; Scale/2.00)"
125.71.229.20 - - [17/Jun/2016:17:05:53 +0800] "POST /api/authenticate HTTP/1.1" 200 69 "-" "MyBookRecycle/1.0 (iPhone; iOS 9.2; Scale/2.00)"
125.71.229.20 - - [17/Jun/2016:17:06:15 +0800] "POST /api/authenticate HTTP/1.1" 200 69 "-" "MyBookRecycle/1.0 (iPhone; iOS 9.2; Scale/2.00)"
125.71.229.20 - - [17/Jun/2016:17:07:31 +0800] "POST /api/authenticate HTTP/1.1" 200 16 "-" "MyBookRecycle/1.0 (iPhone; iOS 9.2; Scale/2.00)"
114.43.4.1 - - [17/Jun/2016:17:07:33 +0800] "CONNECT smtp.mail.yahoo.com:25 HTTP/1.0" 400 181 "-" "-"
125.71.229.20 - - [17/Jun/2016:17:13:28 +0800] "POST /api/authenticate HTTP/1.1" 200 69 "-" "MyBookRecycle/1.0 (iPhone; iOS 9.2; Scale/2.00)"
114.43.4.1 - - [17/Jun/2016:17:16:47 +0800] "CONNECT smtp.mail.yahoo.com:25 HTTP/1.0" 400 181 "-" "-"
114.43.4.1 - - [17/Jun/2016:17:22:27 +0800] "CONNECT smtp.mail.yahoo.com:25 HTTP/1.0" 400 181 "-" "-"
114.43.4.1 - - [17/Jun/2016:17:23:27 +0800] "CONNECT smtp.mail.yahoo.com:25 HTTP/1.0" 400 181 "-" "-"
125.71.229.20 - - [17/Jun/2016:17:24:59 +0800] "POST /api/authenticate HTTP/1.1" 200 16 "-" "MyBookRecycle/1.0 (iPhone; iOS 9.2; Scale/2.00)"
125.71.229.20 - - [17/Jun/2016:17:28:03 +0800] "POST /api/authenticate HTTP/1.1" 200 16 "-" "MyBookRecycle/1.0 (iPhone; iOS 9.2; Scale/2.00)"
80.82.78.38 - - [17/Jun/2016:17:32:48 +0800] "GET http://www.baidu.com/cache/global/img/gs.gif HTTP/1.1" 404 14 "-" "Mozilla"
107.151.193.91 - - [17/Jun/2016:17:34:20 +0800] "GET /manager/html HTTP/1.1" 404 14 "-" "Mozilla/5.0 (compatible; MSIE 10.0; Windows NT 6.2; WOW64; Trident/6.0)"
23.251.51.125 - - [17/Jun/2016:17:55:56 +0800] "GET http://www.proxyjudge.info/azenv.php HTTP/1.0" 404 14 "-" "Mozilla/5.0 (compatible; MSIE 6.0; Windows NT 5.1; Trident/5.0)"
23.251.51.125 - - [17/Jun/2016:17:55:56 +0800] "CONNECT www.alipay.com:443 HTTP/1.0" 400 181 "-" "-"
23.251.51.125 - - [17/Jun/2016:17:56:12 +0800] "GET http://www.proxyjudge.info/azenv.php HTTP/1.0" 404 14 "-" "Mozilla/5.0 (compatible; MSIE 6.0; Windows NT 5.1; Trident/5.0)"
23.251.51.125 - - [17/Jun/2016:17:56:15 +0800] "CONNECT www.baidu.com:443 HTTP/1.0" 400 181 "-" "-"
198.52.119.97 - - [17/Jun/2016:18:03:33 +0800] "CONNECT s.yimg.com:443 HTTP/1.1" 400 181 "-" "-"
198.52.119.97 - - [17/Jun/2016:18:03:33 +0800] "CONNECT s.yimg.com:443 HTTP/1.1" 400 181 "-" "-"
198.52.119.97 - - [17/Jun/2016:18:03:34 +0800] "CONNECT l.yimg.com:80 HTTP/1.1" 400 181 "-" "-"
114.43.4.1 - - [17/Jun/2016:18:09:30 +0800] "CONNECT smtp.mail.yahoo.com:25 HTTP/1.0" 400 181 "-" "-"
114.43.4.1 - - [17/Jun/2016:18:33:10 +0800] "CONNECT smtp.mail.yahoo.com:25 HTTP/1.0" 400 181 "-" "-"
198.52.119.97 - - [17/Jun/2016:19:00:09 +0800] "CONNECT s.yimg.com:443 HTTP/1.1" 400 181 "-" "-"
198.52.119.97 - - [17/Jun/2016:19:00:09 +0800] "CONNECT s.yimg.com:443 HTTP/1.1" 400 181 "-" "-"
198.52.119.97 - - [17/Jun/2016:19:00:10 +0800] "CONNECT l.yimg.com:80 HTTP/1.1" 400 181 "-" "-"
27.226.69.210 - - [17/Jun/2016:19:09:55 +0800] "GET /phpMyAdmin HTTP/1.1" 404 14 "http://115.159.219.141/phpMyAdmin" "Mozilla/4.0 (compatible; MSIE 9.0; Windows NT 6.1)"
182.138.127.198 - - [17/Jun/2016:19:10:19 +0800] "POST /api/authenticate HTTP/1.1" 200 16 "-" "MyBookRecycle/1.0 (iPhone; iOS 9.2; Scale/2.00)"
182.138.127.198 - - [17/Jun/2016:19:10:45 +0800] "POST /api/authenticate HTTP/1.1" 200 69 "-" "MyBookRecycle/1.0 (iPhone; iOS 9.2; Scale/2.00)"
182.138.127.198 - - [17/Jun/2016:19:12:02 +0800] "POST /api/authenticate HTTP/1.1" 200 16 "-" "MyBookRecycle/1.0 (iPhone; iOS 9.2; Scale/2.00)"
182.138.127.198 - - [17/Jun/2016:19:12:08 +0800] "POST /api/authenticate HTTP/1.1" 200 69 "-" "MyBookRecycle/1.0 (iPhone; iOS 9.2; Scale/2.00)"
182.138.127.198 - - [17/Jun/2016:19:13:06 +0800] "POST /api/authenticate HTTP/1.1" 200 69 "-" "MyBookRecycle/1.0 (iPhone; iOS 9.2; Scale/2.00)"
23.251.51.125 - - [17/Jun/2016:19:13:53 +0800] "GET http://www.sbjudge1.com/azenv.php HTTP/1.0" 404 14 "-" "Mozilla/5.0 (compatible; MSIE 6.0; Windows NT 5.1; Trident/5.0)"
27.226.69.210 - - [17/Jun/2016:19:21:05 +0800] "GET /phpMyAdmin HTTP/1.1" 404 14 "http://115.159.219.141/phpMyAdmin" "Mozilla/4.0 (compatible; MSIE 9.0; Windows NT 6.1)"
182.138.127.198 - - [17/Jun/2016:19:29:57 +0800] "POST /api/authenticate HTTP/1.1" 200 16 "-" "MyBookRecycle/1.0 (iPhone; iOS 9.2; Scale/2.00)"
